#-----------------------------------------------------------
# Vivado v2019.2 (64-bit)
# SW Build 2708876 on Wed Nov  6 21:40:23 MST 2019
# IP Build 2700528 on Thu Nov  7 00:09:20 MST 2019
# Start of session at: Sun Jan 26 01:14:35 2025
# Process ID: 12620
# Current directory: D:/FPGA_Learning_Journey/Pro/FIFO/project
# Command line: vivado.exe -gui_launcher_event rodinguilauncherevent20860 D:\FPGA_Learning_Journey\Pro\FIFO\project\project.xpr
# Log file: D:/FPGA_Learning_Journey/Pro/FIFO/project/vivado.log
# Journal file: D:/FPGA_Learning_Journey/Pro/FIFO/project\vivado.jou
#-----------------------------------------------------------
start_gui
open_project D:/FPGA_Learning_Journey/Pro/FIFO/project/project.xpr
update_compile_order -fileset sources_1
launch_runs synth_1 -jobs 12
wait_on_run synth_1
launch_runs impl_1 -to_step write_bitstream -jobs 12
wait_on_run impl_1
open_hw_manager
connect_hw_server -allow_non_jtag
open_hw_target
set_property PROGRAM.FILE {D:/FPGA_Learning_Journey/Pro/FIFO/project/project.runs/impl_1/uart_top.bit} [get_hw_devices xc7z010_1]
current_hw_device [get_hw_devices xc7z010_1]
refresh_hw_device -update_hw_probes false [lindex [get_hw_devices xc7z010_1] 0]
set_property PROBES.FILE {} [get_hw_devices xc7z010_1]
set_property FULL_PROBES.FILE {} [get_hw_devices xc7z010_1]
set_property PROGRAM.FILE {D:/FPGA_Learning_Journey/Pro/FIFO/project/project.runs/impl_1/uart_top.bit} [get_hw_devices xc7z010_1]
program_hw_devices [get_hw_devices xc7z010_1]
refresh_hw_device [lindex [get_hw_devices xc7z010_1] 0]
set_property PROBES.FILE {} [get_hw_devices xc7z010_1]
set_property FULL_PROBES.FILE {} [get_hw_devices xc7z010_1]
set_property PROGRAM.FILE {D:/FPGA_Learning_Journey/Pro/FIFO/project/project.runs/impl_1/uart_top.bit} [get_hw_devices xc7z010_1]
program_hw_devices [get_hw_devices xc7z010_1]
refresh_hw_device [lindex [get_hw_devices xc7z010_1] 0]
set_property PROBES.FILE {} [get_hw_devices xc7z010_1]
set_property FULL_PROBES.FILE {} [get_hw_devices xc7z010_1]
set_property PROGRAM.FILE {D:/FPGA_Learning_Journey/Pro/FIFO/project/project.runs/impl_1/uart_top.bit} [get_hw_devices xc7z010_1]
program_hw_devices [get_hw_devices xc7z010_1]
refresh_hw_device [lindex [get_hw_devices xc7z010_1] 0]
launch_simulation
source uart_top_tb.tcl
current_wave_config {Untitled 1}
add_wave {{/uart_top_tb/u_uart_top/u_uart_rx}} 
current_wave_config {Untitled 1}
add_wave {{/uart_top_tb/u_uart_top/u_uart_tx}} 
restart
run 50 ms
run 50 ms
current_wave_config {Untitled 1}
add_wave {{/uart_top_tb/u_uart_top}} 
run 50 ms
current_wave_config {Untitled 1}
add_wave {{/uart_top_tb/u_uart_top/u_uart_rx}} 
run 50 ms
run 50 ms
current_wave_config {Untitled 1}
add_wave {{/uart_top_tb/u_uart_top/u_uart_tx}} 
current_wave_config {Untitled 1}
add_wave {{/uart_top_tb/u_uart_top/u_uart_rx}} 
close_sim
