Copyright 1986-2019 Xilinx, Inc. All Rights Reserved.
--------------------------------------------------------------------------------------
| Tool Version : Vivado v.2019.2 (win64) Build 2708876 Wed Nov  6 21:40:23 MST 2019
| Date         : Wed Feb 12 17:46:37 2025
| Host         : DESKTOP-I8GGJRG running 64-bit major release  (build 9200)
| Command      : report_control_sets -verbose -file hdmi_char_control_sets_placed.rpt
| Design       : hdmi_char
| Device       : xc7a35t
--------------------------------------------------------------------------------------

Control Set Information

Table of Contents
-----------------
1. Summary
2. Histogram
3. Flip-Flop Distribution
4. Detailed Control Set Information

1. Summary
----------

+----------------------------------------------------------+-------+
|                          Status                          | Count |
+----------------------------------------------------------+-------+
| Total control sets                                       |     8 |
|    Minimum number of control sets                        |     8 |
|    Addition due to synthesis replication                 |     0 |
|    Addition due to physical synthesis replication        |     0 |
| Unused register locations in slices containing registers |    31 |
+----------------------------------------------------------+-------+
* Control sets can be merged at opt_design using control_set_merge or merge_equivalent_drivers
** Run report_qor_suggestions for automated merging and remapping suggestions


2. Histogram
------------

+--------------------+-------+
|       Fanout       | Count |
+--------------------+-------+
| Total control sets |     8 |
| >= 0 to < 4        |     0 |
| >= 4 to < 6        |     1 |
| >= 6 to < 8        |     0 |
| >= 8 to < 10       |     1 |
| >= 10 to < 12      |     1 |
| >= 12 to < 14      |     0 |
| >= 14 to < 16      |     0 |
| >= 16              |     5 |
+--------------------+-------+
* Control sets can be remapped at either synth_design or opt_design


3. Flip-Flop Distribution
-------------------------

+--------------+-----------------------+------------------------+-----------------+--------------+
| Clock Enable | Synchronous Set/Reset | Asynchronous Set/Reset | Total Registers | Total Slices |
+--------------+-----------------------+------------------------+-----------------+--------------+
| No           | No                    | No                     |             131 |           47 |
| No           | No                    | Yes                    |              43 |           20 |
| No           | Yes                   | No                     |              25 |           11 |
| Yes          | No                    | No                     |               4 |            3 |
| Yes          | No                    | Yes                    |              16 |            4 |
| Yes          | Yes                   | No                     |              30 |           12 |
+--------------+-----------------------+------------------------+-----------------+--------------+


4. Detailed Control Set Information
-----------------------------------

+-----------------------------------------+----------------------------------------+-------------------------------------+------------------+----------------+
|               Clock Signal              |              Enable Signal             |           Set/Reset Signal          | Slice Load Count | Bel Load Count |
+-----------------------------------------+----------------------------------------+-------------------------------------+------------------+----------------+
|  clk_gen_inst/clk_wiz_0_inst/inst/c0_1x | vga_timing_ctrl_inst/ena               |                                     |                3 |              4 |
|  clk_gen_inst/clk_wiz_0_inst/inst/c1_5x |                                        | hdmi_ctrl_inst/par2ser_inst4/p_4_in |                2 |              8 |
|  clk_gen_inst/clk_wiz_0_inst/inst/c0_1x | vga_timing_ctrl_inst/v_cnt[9]_i_1_n_0  | clk_gen_inst/sys_rst_n              |                4 |             10 |
|  clk_gen_inst/clk_wiz_0_inst/inst/c0_1x | vga_image_gen_inst/rom_addr[0]_i_1_n_0 | clk_gen_inst/sys_rst_n              |                4 |             16 |
|  clk_gen_inst/clk_wiz_0_inst/inst/c0_1x | vga_timing_ctrl_inst/E[0]              | clk_gen_inst/sys_rst_n              |                8 |             20 |
|  clk_gen_inst/clk_wiz_0_inst/inst/c1_5x |                                        |                                     |                9 |             42 |
|  clk_gen_inst/clk_wiz_0_inst/inst/c0_1x |                                        | clk_gen_inst/sys_rst_n              |               29 |             60 |
|  clk_gen_inst/clk_wiz_0_inst/inst/c0_1x |                                        |                                     |               38 |             89 |
+-----------------------------------------+----------------------------------------+-------------------------------------+------------------+----------------+


