#-----------------------------------------------------------
# Vivado v2019.2 (64-bit)
# SW Build 2708876 on Wed Nov  6 21:40:23 MST 2019
# IP Build 2700528 on Thu Nov  7 00:09:20 MST 2019
# Start of session at: Fri Mar  7 17:58:59 2025
# Process ID: 12892
# Current directory: D:/FPGA_Learning_Journey/Pro/OV5640_ETH_udp___/project
# Command line: vivado.exe -gui_launcher_event rodinguilauncherevent10640 D:\FPGA_Learning_Journey\Pro\OV5640_ETH_udp___\project\project.xpr
# Log file: D:/FPGA_Learning_Journey/Pro/OV5640_ETH_udp___/project/vivado.log
# Journal file: D:/FPGA_Learning_Journey/Pro/OV5640_ETH_udp___/project\vivado.jou
#-----------------------------------------------------------
start_gui
open_project D:/FPGA_Learning_Journey/Pro/OV5640_ETH_udp___/project/project.xpr
update_compile_order -fileset sources_1
open_hw_manager
connect_hw_server -allow_non_jtag
open_hw_target
set_property PROGRAM.FILE {D:/FPGA_Learning_Journey/Pro/OV5640_ETH_udp___/project/project.runs/impl_1/ov5640_eth_udp.bit} [get_hw_devices xc7a35t_0]
set_property PROBES.FILE {D:/FPGA_Learning_Journey/Pro/OV5640_ETH_udp___/project/project.runs/impl_1/ov5640_eth_udp.ltx} [get_hw_devices xc7a35t_0]
set_property FULL_PROBES.FILE {D:/FPGA_Learning_Journey/Pro/OV5640_ETH_udp___/project/project.runs/impl_1/ov5640_eth_udp.ltx} [get_hw_devices xc7a35t_0]
current_hw_device [get_hw_devices xc7a35t_0]
refresh_hw_device [lindex [get_hw_devices xc7a35t_0] 0]
set_property PROBES.FILE {D:/FPGA_Learning_Journey/Pro/OV5640_ETH_udp___/project/project.runs/impl_1/ov5640_eth_udp.ltx} [get_hw_devices xc7a35t_0]
set_property FULL_PROBES.FILE {D:/FPGA_Learning_Journey/Pro/OV5640_ETH_udp___/project/project.runs/impl_1/ov5640_eth_udp.ltx} [get_hw_devices xc7a35t_0]
set_property PROGRAM.FILE {D:/FPGA_Learning_Journey/Pro/OV5640_ETH_udp___/project/project.runs/impl_1/ov5640_eth_udp.bit} [get_hw_devices xc7a35t_0]
program_hw_devices [get_hw_devices xc7a35t_0]
refresh_hw_device [lindex [get_hw_devices xc7a35t_0] 0]
display_hw_ila_data [ get_hw_ila_data hw_ila_data_1 -of_objects [get_hw_ilas -of_objects [get_hw_devices xc7a35t_0] -filter {CELL_NAME=~"u_ila_0"}]]
display_hw_ila_data [ get_hw_ila_data hw_ila_data_2 -of_objects [get_hw_ilas -of_objects [get_hw_devices xc7a35t_0] -filter {CELL_NAME=~"u_ila_1"}]]
reset_run synth_1
launch_runs synth_1 -jobs 12
wait_on_run synth_1
open_run synth_1 -name synth_1
delete_debug_core [get_debug_cores {u_ila_0 }]
delete_debug_core [get_debug_cores {u_ila_1 }]
create_debug_core u_ila_0 ila
set_property C_DATA_DEPTH 4096 [get_debug_cores u_ila_0]
set_property C_TRIGIN_EN false [get_debug_cores u_ila_0]
set_property C_TRIGOUT_EN false [get_debug_cores u_ila_0]
set_property C_ADV_TRIGGER false [get_debug_cores u_ila_0]
set_property C_INPUT_PIPE_STAGES 0 [get_debug_cores u_ila_0]
set_property C_EN_STRG_QUAL false [get_debug_cores u_ila_0]
set_property ALL_PROBE_SAME_MU true [get_debug_cores u_ila_0]
set_property ALL_PROBE_SAME_MU_CNT 1 [get_debug_cores u_ila_0]
create_debug_core u_ila_1 ila
set_property C_DATA_DEPTH 4096 [get_debug_cores u_ila_1]
set_property C_TRIGIN_EN false [get_debug_cores u_ila_1]
set_property C_TRIGOUT_EN false [get_debug_cores u_ila_1]
set_property C_ADV_TRIGGER false [get_debug_cores u_ila_1]
set_property C_INPUT_PIPE_STAGES 0 [get_debug_cores u_ila_1]
set_property C_EN_STRG_QUAL false [get_debug_cores u_ila_1]
set_property ALL_PROBE_SAME_MU true [get_debug_cores u_ila_1]
set_property ALL_PROBE_SAME_MU_CNT 1 [get_debug_cores u_ila_1]
connect_debug_port u_ila_0/clk [get_nets [list ov5640_pclk_IBUF_BUFG ]]
connect_debug_port u_ila_1/clk [get_nets [list pll/inst/clk_out2 ]]
set_property port_width 16 [get_debug_ports u_ila_0/probe0]
set_property PROBE_TYPE DATA_AND_TRIGGER [get_debug_ports u_ila_0/probe0]
connect_debug_port u_ila_0/probe0 [get_nets [list {h_cnt[0]} {h_cnt[1]} {h_cnt[2]} {h_cnt[3]} {h_cnt[4]} {h_cnt[5]} {h_cnt[6]} {h_cnt[7]} {h_cnt[8]} {h_cnt[9]} {h_cnt[10]} {h_cnt[11]} {h_cnt[12]} {h_cnt[13]} {h_cnt[14]} {h_cnt[15]} ]]
create_debug_port u_ila_0 probe
set_property port_width 16 [get_debug_ports u_ila_0/probe1]
set_property PROBE_TYPE DATA_AND_TRIGGER [get_debug_ports u_ila_0/probe1]
connect_debug_port u_ila_0/probe1 [get_nets [list {ov5640_data_out[0]} {ov5640_data_out[1]} {ov5640_data_out[2]} {ov5640_data_out[3]} {ov5640_data_out[4]} {ov5640_data_out[5]} {ov5640_data_out[6]} {ov5640_data_out[7]} {ov5640_data_out[8]} {ov5640_data_out[9]} {ov5640_data_out[10]} {ov5640_data_out[11]} {ov5640_data_out[12]} {ov5640_data_out[13]} {ov5640_data_out[14]} {ov5640_data_out[15]} ]]
create_debug_port u_ila_0 probe
set_property port_width 1 [get_debug_ports u_ila_0/probe2]
set_property PROBE_TYPE DATA_AND_TRIGGER [get_debug_ports u_ila_0/probe2]
connect_debug_port u_ila_0/probe2 [get_nets [list ov5640_href_IBUF ]]
create_debug_port u_ila_0 probe
set_property port_width 1 [get_debug_ports u_ila_0/probe3]
set_property PROBE_TYPE DATA_AND_TRIGGER [get_debug_ports u_ila_0/probe3]
connect_debug_port u_ila_0/probe3 [get_nets [list ov5640_wr_en ]]
create_debug_port u_ila_0 probe
set_property port_width 1 [get_debug_ports u_ila_0/probe4]
set_property PROBE_TYPE DATA_AND_TRIGGER [get_debug_ports u_ila_0/probe4]
connect_debug_port u_ila_0/probe4 [get_nets [list p_0_in ]]
set_property port_width 14 [get_debug_ports u_ila_1/probe0]
set_property PROBE_TYPE DATA_AND_TRIGGER [get_debug_ports u_ila_1/probe0]
connect_debug_port u_ila_1/probe0 [get_nets [list {eth_udp_send_inst/rd_data_count[0]} {eth_udp_send_inst/rd_data_count[1]} {eth_udp_send_inst/rd_data_count[2]} {eth_udp_send_inst/rd_data_count[3]} {eth_udp_send_inst/rd_data_count[4]} {eth_udp_send_inst/rd_data_count[5]} {eth_udp_send_inst/rd_data_count[6]} {eth_udp_send_inst/rd_data_count[7]} {eth_udp_send_inst/rd_data_count[8]} {eth_udp_send_inst/rd_data_count[9]} {eth_udp_send_inst/rd_data_count[10]} {eth_udp_send_inst/rd_data_count[11]} {eth_udp_send_inst/rd_data_count[12]} {eth_udp_send_inst/rd_data_count[13]} ]]
create_debug_port u_ila_1 probe
set_property port_width 8 [get_debug_ports u_ila_1/probe1]
set_property PROBE_TYPE DATA_AND_TRIGGER [get_debug_ports u_ila_1/probe1]
connect_debug_port u_ila_1/probe1 [get_nets [list {eth_udp_send_inst/payload_dat_i[0]} {eth_udp_send_inst/payload_dat_i[1]} {eth_udp_send_inst/payload_dat_i[2]} {eth_udp_send_inst/payload_dat_i[3]} {eth_udp_send_inst/payload_dat_i[4]} {eth_udp_send_inst/payload_dat_i[5]} {eth_udp_send_inst/payload_dat_i[6]} {eth_udp_send_inst/payload_dat_i[7]} ]]
create_debug_port u_ila_1 probe
set_property port_width 1 [get_debug_ports u_ila_1/probe2]
set_property PROBE_TYPE DATA_AND_TRIGGER [get_debug_ports u_ila_1/probe2]
connect_debug_port u_ila_1/probe2 [get_nets [list eth_udp_send_inst/payload_req_o ]]
create_debug_port u_ila_1 probe
set_property port_width 1 [get_debug_ports u_ila_1/probe3]
set_property PROBE_TYPE DATA_AND_TRIGGER [get_debug_ports u_ila_1/probe3]
connect_debug_port u_ila_1/probe3 [get_nets [list eth_udp_send_inst/sending_flag ]]
create_debug_port u_ila_1 probe
set_property port_width 1 [get_debug_ports u_ila_1/probe4]
set_property PROBE_TYPE DATA_AND_TRIGGER [get_debug_ports u_ila_1/probe4]
connect_debug_port u_ila_1/probe4 [get_nets [list eth_udp_send_inst/tx_done ]]
create_debug_port u_ila_1 probe
set_property port_width 1 [get_debug_ports u_ila_1/probe5]
set_property PROBE_TYPE DATA_AND_TRIGGER [get_debug_ports u_ila_1/probe5]
connect_debug_port u_ila_1/probe5 [get_nets [list eth_udp_send_inst/tx_en_pulse ]]
save_constraints
launch_runs impl_1 -to_step write_bitstream -jobs 12
wait_on_run impl_1
set_property PROBES.FILE {D:/FPGA_Learning_Journey/Pro/OV5640_ETH_udp___/project/project.runs/impl_1/ov5640_eth_udp.ltx} [get_hw_devices xc7a35t_0]
set_property FULL_PROBES.FILE {D:/FPGA_Learning_Journey/Pro/OV5640_ETH_udp___/project/project.runs/impl_1/ov5640_eth_udp.ltx} [get_hw_devices xc7a35t_0]
set_property PROGRAM.FILE {D:/FPGA_Learning_Journey/Pro/OV5640_ETH_udp___/project/project.runs/impl_1/ov5640_eth_udp.bit} [get_hw_devices xc7a35t_0]
program_hw_devices [get_hw_devices xc7a35t_0]
refresh_hw_device [lindex [get_hw_devices xc7a35t_0] 0]
add_wave -into {hw_ila_data_1.wcfg} -radix hex { {h_cnt} {ov5640_href_IBUF} {p_0_in} }
run_hw_ila [get_hw_ilas -of_objects [get_hw_devices xc7a35t_0] -filter {CELL_NAME=~"u_ila_0"}]
wait_on_hw_ila [get_hw_ilas -of_objects [get_hw_devices xc7a35t_0] -filter {CELL_NAME=~"u_ila_0"}]
display_hw_ila_data [upload_hw_ila_data [get_hw_ilas -of_objects [get_hw_devices xc7a35t_0] -filter {CELL_NAME=~"u_ila_0"}]]
run_hw_ila [get_hw_ilas -of_objects [get_hw_devices xc7a35t_0] -filter {CELL_NAME=~"u_ila_0"}]
wait_on_hw_ila [get_hw_ilas -of_objects [get_hw_devices xc7a35t_0] -filter {CELL_NAME=~"u_ila_0"}]
display_hw_ila_data [upload_hw_ila_data [get_hw_ilas -of_objects [get_hw_devices xc7a35t_0] -filter {CELL_NAME=~"u_ila_0"}]]
set_property TRIGGER_COMPARE_VALUE eq1'bR [get_hw_probes p_0_in -of_objects [get_hw_ilas -of_objects [get_hw_devices xc7a35t_0] -filter {CELL_NAME=~"u_ila_0"}]]
run_hw_ila [get_hw_ilas -of_objects [get_hw_devices xc7a35t_0] -filter {CELL_NAME=~"u_ila_0"}]
set_property TRIGGER_COMPARE_VALUE eq1'bX [get_hw_probes ov5640_wr_en -of_objects [get_hw_ilas -of_objects [get_hw_devices xc7a35t_0] -filter {CELL_NAME=~"u_ila_0"}]]
wait_on_hw_ila -timeout 0 [get_hw_ilas -of_objects [get_hw_devices xc7a35t_0] -filter {CELL_NAME=~"u_ila_0"}]
upload_hw_ila_data [get_hw_ilas -of_objects [get_hw_devices xc7a35t_0] -filter {CELL_NAME=~"u_ila_0"}]
run_hw_ila [get_hw_ilas -of_objects [get_hw_devices xc7a35t_0] -filter {CELL_NAME=~"u_ila_0"}]
wait_on_hw_ila [get_hw_ilas -of_objects [get_hw_devices xc7a35t_0] -filter {CELL_NAME=~"u_ila_0"}]
display_hw_ila_data [upload_hw_ila_data [get_hw_ilas -of_objects [get_hw_devices xc7a35t_0] -filter {CELL_NAME=~"u_ila_0"}]]
reset_run synth_1
launch_runs synth_1 -jobs 12
wait_on_run synth_1
set_property TRIGGER_COMPARE_VALUE eq1'bX [get_hw_probes p_0_in -of_objects [get_hw_ilas -of_objects [get_hw_devices xc7a35t_0] -filter {CELL_NAME=~"u_ila_0"}]]
set_property TRIGGER_COMPARE_VALUE eq1'bR [get_hw_probes ov5640_href_IBUF -of_objects [get_hw_ilas -of_objects [get_hw_devices xc7a35t_0] -filter {CELL_NAME=~"u_ila_0"}]]
run_hw_ila [get_hw_ilas -of_objects [get_hw_devices xc7a35t_0] -filter {CELL_NAME=~"u_ila_0"}]
wait_on_hw_ila [get_hw_ilas -of_objects [get_hw_devices xc7a35t_0] -filter {CELL_NAME=~"u_ila_0"}]
display_hw_ila_data [upload_hw_ila_data [get_hw_ilas -of_objects [get_hw_devices xc7a35t_0] -filter {CELL_NAME=~"u_ila_0"}]]
reset_run synth_1
launch_runs synth_1 -jobs 12
wait_on_run synth_1
close_design
open_run synth_1 -name synth_1
delete_debug_core [get_debug_cores {u_ila_0 }]
delete_debug_core [get_debug_cores {u_ila_1 }]
save_constraints
create_debug_core u_ila_0 ila
set_property C_DATA_DEPTH 4096 [get_debug_cores u_ila_0]
set_property C_TRIGIN_EN false [get_debug_cores u_ila_0]
set_property C_TRIGOUT_EN false [get_debug_cores u_ila_0]
set_property C_ADV_TRIGGER false [get_debug_cores u_ila_0]
set_property C_INPUT_PIPE_STAGES 0 [get_debug_cores u_ila_0]
set_property C_EN_STRG_QUAL false [get_debug_cores u_ila_0]
set_property ALL_PROBE_SAME_MU true [get_debug_cores u_ila_0]
set_property ALL_PROBE_SAME_MU_CNT 1 [get_debug_cores u_ila_0]
create_debug_core u_ila_1 ila
set_property C_DATA_DEPTH 4096 [get_debug_cores u_ila_1]
set_property C_TRIGIN_EN false [get_debug_cores u_ila_1]
set_property C_TRIGOUT_EN false [get_debug_cores u_ila_1]
set_property C_ADV_TRIGGER false [get_debug_cores u_ila_1]
set_property C_INPUT_PIPE_STAGES 0 [get_debug_cores u_ila_1]
set_property C_EN_STRG_QUAL false [get_debug_cores u_ila_1]
set_property ALL_PROBE_SAME_MU true [get_debug_cores u_ila_1]
set_property ALL_PROBE_SAME_MU_CNT 1 [get_debug_cores u_ila_1]
connect_debug_port u_ila_0/clk [get_nets [list ov5640_pclk_IBUF_BUFG ]]
connect_debug_port u_ila_1/clk [get_nets [list pll/inst/clk_out2 ]]
set_property port_width 16 [get_debug_ports u_ila_0/probe0]
set_property PROBE_TYPE DATA_AND_TRIGGER [get_debug_ports u_ila_0/probe0]
connect_debug_port u_ila_0/probe0 [get_nets [list {ov5640_data_out[0]} {ov5640_data_out[1]} {ov5640_data_out[2]} {ov5640_data_out[3]} {ov5640_data_out[4]} {ov5640_data_out[5]} {ov5640_data_out[6]} {ov5640_data_out[7]} {ov5640_data_out[8]} {ov5640_data_out[9]} {ov5640_data_out[10]} {ov5640_data_out[11]} {ov5640_data_out[12]} {ov5640_data_out[13]} {ov5640_data_out[14]} {ov5640_data_out[15]} ]]
create_debug_port u_ila_0 probe
set_property port_width 16 [get_debug_ports u_ila_0/probe1]
set_property PROBE_TYPE DATA_AND_TRIGGER [get_debug_ports u_ila_0/probe1]
connect_debug_port u_ila_0/probe1 [get_nets [list {h_cnt[0]} {h_cnt[1]} {h_cnt[2]} {h_cnt[3]} {h_cnt[4]} {h_cnt[5]} {h_cnt[6]} {h_cnt[7]} {h_cnt[8]} {h_cnt[9]} {h_cnt[10]} {h_cnt[11]} {h_cnt[12]} {h_cnt[13]} {h_cnt[14]} {h_cnt[15]} ]]
create_debug_port u_ila_0 probe
set_property port_width 16 [get_debug_ports u_ila_0/probe2]
set_property PROBE_TYPE DATA_AND_TRIGGER [get_debug_ports u_ila_0/probe2]
connect_debug_port u_ila_0/probe2 [get_nets [list {h_pix_cnt[0]} {h_pix_cnt[1]} {h_pix_cnt[2]} {h_pix_cnt[3]} {h_pix_cnt[4]} {h_pix_cnt[5]} {h_pix_cnt[6]} {h_pix_cnt[7]} {h_pix_cnt[8]} {h_pix_cnt[9]} {h_pix_cnt[10]} {h_pix_cnt[11]} {h_pix_cnt[12]} {h_pix_cnt[13]} {h_pix_cnt[14]} {h_pix_cnt[15]} ]]
create_debug_port u_ila_0 probe
set_property port_width 1 [get_debug_ports u_ila_0/probe3]
set_property PROBE_TYPE DATA_AND_TRIGGER [get_debug_ports u_ila_0/probe3]
connect_debug_port u_ila_0/probe3 [get_nets [list ov5640_href_reg ]]
create_debug_port u_ila_0 probe
set_property port_width 1 [get_debug_ports u_ila_0/probe4]
set_property PROBE_TYPE DATA_AND_TRIGGER [get_debug_ports u_ila_0/probe4]
connect_debug_port u_ila_0/probe4 [get_nets [list ov5640_href_rise ]]
create_debug_port u_ila_0 probe
set_property port_width 1 [get_debug_ports u_ila_0/probe5]
set_property PROBE_TYPE DATA_AND_TRIGGER [get_debug_ports u_ila_0/probe5]
connect_debug_port u_ila_0/probe5 [get_nets [list ov5640_wr_en ]]
create_debug_port u_ila_0 probe
set_property port_width 1 [get_debug_ports u_ila_0/probe6]
set_property PROBE_TYPE DATA_AND_TRIGGER [get_debug_ports u_ila_0/probe6]
connect_debug_port u_ila_0/probe6 [get_nets [list p_1_in ]]
create_debug_port u_ila_0 probe
set_property port_width 1 [get_debug_ports u_ila_0/probe7]
set_property PROBE_TYPE DATA_AND_TRIGGER [get_debug_ports u_ila_0/probe7]
connect_debug_port u_ila_0/probe7 [get_nets [list p_2_in ]]
set_property port_width 8 [get_debug_ports u_ila_1/probe0]
set_property PROBE_TYPE DATA_AND_TRIGGER [get_debug_ports u_ila_1/probe0]
connect_debug_port u_ila_1/probe0 [get_nets [list {eth_udp_send_inst/payload_dat_i[0]} {eth_udp_send_inst/payload_dat_i[1]} {eth_udp_send_inst/payload_dat_i[2]} {eth_udp_send_inst/payload_dat_i[3]} {eth_udp_send_inst/payload_dat_i[4]} {eth_udp_send_inst/payload_dat_i[5]} {eth_udp_send_inst/payload_dat_i[6]} {eth_udp_send_inst/payload_dat_i[7]} ]]
create_debug_port u_ila_1 probe
set_property port_width 14 [get_debug_ports u_ila_1/probe1]
set_property PROBE_TYPE DATA_AND_TRIGGER [get_debug_ports u_ila_1/probe1]
connect_debug_port u_ila_1/probe1 [get_nets [list {eth_udp_send_inst/rd_data_count[0]} {eth_udp_send_inst/rd_data_count[1]} {eth_udp_send_inst/rd_data_count[2]} {eth_udp_send_inst/rd_data_count[3]} {eth_udp_send_inst/rd_data_count[4]} {eth_udp_send_inst/rd_data_count[5]} {eth_udp_send_inst/rd_data_count[6]} {eth_udp_send_inst/rd_data_count[7]} {eth_udp_send_inst/rd_data_count[8]} {eth_udp_send_inst/rd_data_count[9]} {eth_udp_send_inst/rd_data_count[10]} {eth_udp_send_inst/rd_data_count[11]} {eth_udp_send_inst/rd_data_count[12]} {eth_udp_send_inst/rd_data_count[13]} ]]
create_debug_port u_ila_1 probe
set_property port_width 1 [get_debug_ports u_ila_1/probe2]
set_property PROBE_TYPE DATA_AND_TRIGGER [get_debug_ports u_ila_1/probe2]
connect_debug_port u_ila_1/probe2 [get_nets [list eth_udp_send_inst/payload_req_o ]]
create_debug_port u_ila_1 probe
set_property port_width 1 [get_debug_ports u_ila_1/probe3]
set_property PROBE_TYPE DATA_AND_TRIGGER [get_debug_ports u_ila_1/probe3]
connect_debug_port u_ila_1/probe3 [get_nets [list eth_udp_send_inst/sending_flag ]]
create_debug_port u_ila_1 probe
set_property port_width 1 [get_debug_ports u_ila_1/probe4]
set_property PROBE_TYPE DATA_AND_TRIGGER [get_debug_ports u_ila_1/probe4]
connect_debug_port u_ila_1/probe4 [get_nets [list eth_udp_send_inst/tx_done ]]
create_debug_port u_ila_1 probe
set_property port_width 1 [get_debug_ports u_ila_1/probe5]
set_property PROBE_TYPE DATA_AND_TRIGGER [get_debug_ports u_ila_1/probe5]
connect_debug_port u_ila_1/probe5 [get_nets [list eth_udp_send_inst/tx_en_pulse ]]
save_constraints
launch_runs impl_1 -to_step write_bitstream -jobs 12
wait_on_run impl_1
set_property PROBES.FILE {D:/FPGA_Learning_Journey/Pro/OV5640_ETH_udp___/project/project.runs/impl_1/ov5640_eth_udp.ltx} [get_hw_devices xc7a35t_0]
set_property FULL_PROBES.FILE {D:/FPGA_Learning_Journey/Pro/OV5640_ETH_udp___/project/project.runs/impl_1/ov5640_eth_udp.ltx} [get_hw_devices xc7a35t_0]
set_property PROGRAM.FILE {D:/FPGA_Learning_Journey/Pro/OV5640_ETH_udp___/project/project.runs/impl_1/ov5640_eth_udp.bit} [get_hw_devices xc7a35t_0]
program_hw_devices [get_hw_devices xc7a35t_0]
refresh_hw_device [lindex [get_hw_devices xc7a35t_0] 0]
add_wave -into {hw_ila_data_1.wcfg} -radix hex { {h_pix_cnt} {ov5640_href_reg} {ov5640_href_rise} {p_1_in} {p_2_in} }
set_property TRIGGER_COMPARE_VALUE eq1'bR [get_hw_probes ov5640_wr_en -of_objects [get_hw_ilas -of_objects [get_hw_devices xc7a35t_0] -filter {CELL_NAME=~"u_ila_0"}]]
run_hw_ila [get_hw_ilas -of_objects [get_hw_devices xc7a35t_0] -filter {CELL_NAME=~"u_ila_0"}]
wait_on_hw_ila [get_hw_ilas -of_objects [get_hw_devices xc7a35t_0] -filter {CELL_NAME=~"u_ila_0"}]
display_hw_ila_data [upload_hw_ila_data [get_hw_ilas -of_objects [get_hw_devices xc7a35t_0] -filter {CELL_NAME=~"u_ila_0"}]]
run_hw_ila [get_hw_ilas -of_objects [get_hw_devices xc7a35t_0] -filter {CELL_NAME=~"u_ila_0"}]
wait_on_hw_ila [get_hw_ilas -of_objects [get_hw_devices xc7a35t_0] -filter {CELL_NAME=~"u_ila_0"}]
display_hw_ila_data [upload_hw_ila_data [get_hw_ilas -of_objects [get_hw_devices xc7a35t_0] -filter {CELL_NAME=~"u_ila_0"}]]
reset_run synth_1
launch_runs impl_1 -to_step write_bitstream -jobs 12
wait_on_run impl_1
reset_run synth_1
launch_runs synth_1 -jobs 12
wait_on_run synth_1
close_design
open_run synth_1 -name synth_1
create_debug_core u_ila_0 ila
set_property C_DATA_DEPTH 4096 [get_debug_cores u_ila_0]
set_property C_TRIGIN_EN false [get_debug_cores u_ila_0]
set_property C_TRIGOUT_EN false [get_debug_cores u_ila_0]
set_property C_ADV_TRIGGER false [get_debug_cores u_ila_0]
set_property C_INPUT_PIPE_STAGES 0 [get_debug_cores u_ila_0]
set_property C_EN_STRG_QUAL false [get_debug_cores u_ila_0]
set_property ALL_PROBE_SAME_MU true [get_debug_cores u_ila_0]
set_property ALL_PROBE_SAME_MU_CNT 1 [get_debug_cores u_ila_0]
create_debug_core u_ila_1 ila
set_property C_DATA_DEPTH 4096 [get_debug_cores u_ila_1]
set_property C_TRIGIN_EN false [get_debug_cores u_ila_1]
set_property C_TRIGOUT_EN false [get_debug_cores u_ila_1]
set_property C_ADV_TRIGGER false [get_debug_cores u_ila_1]
set_property C_INPUT_PIPE_STAGES 0 [get_debug_cores u_ila_1]
set_property C_EN_STRG_QUAL false [get_debug_cores u_ila_1]
set_property ALL_PROBE_SAME_MU true [get_debug_cores u_ila_1]
set_property ALL_PROBE_SAME_MU_CNT 1 [get_debug_cores u_ila_1]
connect_debug_port u_ila_0/clk [get_nets [list ov5640_pclk_IBUF_BUFG ]]
connect_debug_port u_ila_1/clk [get_nets [list pll/inst/clk_out2 ]]
set_property port_width 16 [get_debug_ports u_ila_0/probe0]
set_property PROBE_TYPE DATA_AND_TRIGGER [get_debug_ports u_ila_0/probe0]
connect_debug_port u_ila_0/probe0 [get_nets [list {h_cnt[0]} {h_cnt[1]} {h_cnt[2]} {h_cnt[3]} {h_cnt[4]} {h_cnt[5]} {h_cnt[6]} {h_cnt[7]} {h_cnt[8]} {h_cnt[9]} {h_cnt[10]} {h_cnt[11]} {h_cnt[12]} {h_cnt[13]} {h_cnt[14]} {h_cnt[15]} ]]
create_debug_port u_ila_0 probe
set_property port_width 16 [get_debug_ports u_ila_0/probe1]
set_property PROBE_TYPE DATA_AND_TRIGGER [get_debug_ports u_ila_0/probe1]
connect_debug_port u_ila_0/probe1 [get_nets [list {h_pix_cnt[0]} {h_pix_cnt[1]} {h_pix_cnt[2]} {h_pix_cnt[3]} {h_pix_cnt[4]} {h_pix_cnt[5]} {h_pix_cnt[6]} {h_pix_cnt[7]} {h_pix_cnt[8]} {h_pix_cnt[9]} {h_pix_cnt[10]} {h_pix_cnt[11]} {h_pix_cnt[12]} {h_pix_cnt[13]} {h_pix_cnt[14]} {h_pix_cnt[15]} ]]
create_debug_port u_ila_0 probe
set_property port_width 16 [get_debug_ports u_ila_0/probe2]
set_property PROBE_TYPE DATA_AND_TRIGGER [get_debug_ports u_ila_0/probe2]
connect_debug_port u_ila_0/probe2 [get_nets [list {ov5640_data_out[0]} {ov5640_data_out[1]} {ov5640_data_out[2]} {ov5640_data_out[3]} {ov5640_data_out[4]} {ov5640_data_out[5]} {ov5640_data_out[6]} {ov5640_data_out[7]} {ov5640_data_out[8]} {ov5640_data_out[9]} {ov5640_data_out[10]} {ov5640_data_out[11]} {ov5640_data_out[12]} {ov5640_data_out[13]} {ov5640_data_out[14]} {ov5640_data_out[15]} ]]
create_debug_port u_ila_0 probe
set_property port_width 1 [get_debug_ports u_ila_0/probe3]
set_property PROBE_TYPE DATA_AND_TRIGGER [get_debug_ports u_ila_0/probe3]
connect_debug_port u_ila_0/probe3 [get_nets [list ov5640_href_reg ]]
create_debug_port u_ila_0 probe
set_property port_width 1 [get_debug_ports u_ila_0/probe4]
set_property PROBE_TYPE DATA_AND_TRIGGER [get_debug_ports u_ila_0/probe4]
connect_debug_port u_ila_0/probe4 [get_nets [list ov5640_href_rise ]]
create_debug_port u_ila_0 probe
set_property port_width 1 [get_debug_ports u_ila_0/probe5]
set_property PROBE_TYPE DATA_AND_TRIGGER [get_debug_ports u_ila_0/probe5]
connect_debug_port u_ila_0/probe5 [get_nets [list ov5640_vsync_IBUF ]]
create_debug_port u_ila_0 probe
set_property port_width 1 [get_debug_ports u_ila_0/probe6]
set_property PROBE_TYPE DATA_AND_TRIGGER [get_debug_ports u_ila_0/probe6]
connect_debug_port u_ila_0/probe6 [get_nets [list ov5640_wr_en ]]
create_debug_port u_ila_0 probe
set_property port_width 1 [get_debug_ports u_ila_0/probe7]
set_property PROBE_TYPE DATA_AND_TRIGGER [get_debug_ports u_ila_0/probe7]
connect_debug_port u_ila_0/probe7 [get_nets [list p_1_in ]]
set_property port_width 14 [get_debug_ports u_ila_1/probe0]
set_property PROBE_TYPE DATA_AND_TRIGGER [get_debug_ports u_ila_1/probe0]
connect_debug_port u_ila_1/probe0 [get_nets [list {eth_udp_send_inst/rd_data_count[0]} {eth_udp_send_inst/rd_data_count[1]} {eth_udp_send_inst/rd_data_count[2]} {eth_udp_send_inst/rd_data_count[3]} {eth_udp_send_inst/rd_data_count[4]} {eth_udp_send_inst/rd_data_count[5]} {eth_udp_send_inst/rd_data_count[6]} {eth_udp_send_inst/rd_data_count[7]} {eth_udp_send_inst/rd_data_count[8]} {eth_udp_send_inst/rd_data_count[9]} {eth_udp_send_inst/rd_data_count[10]} {eth_udp_send_inst/rd_data_count[11]} {eth_udp_send_inst/rd_data_count[12]} {eth_udp_send_inst/rd_data_count[13]} ]]
create_debug_port u_ila_1 probe
set_property port_width 8 [get_debug_ports u_ila_1/probe1]
set_property PROBE_TYPE DATA_AND_TRIGGER [get_debug_ports u_ila_1/probe1]
connect_debug_port u_ila_1/probe1 [get_nets [list {eth_udp_send_inst/payload_dat_i[0]} {eth_udp_send_inst/payload_dat_i[1]} {eth_udp_send_inst/payload_dat_i[2]} {eth_udp_send_inst/payload_dat_i[3]} {eth_udp_send_inst/payload_dat_i[4]} {eth_udp_send_inst/payload_dat_i[5]} {eth_udp_send_inst/payload_dat_i[6]} {eth_udp_send_inst/payload_dat_i[7]} ]]
create_debug_port u_ila_1 probe
set_property port_width 1 [get_debug_ports u_ila_1/probe2]
set_property PROBE_TYPE DATA_AND_TRIGGER [get_debug_ports u_ila_1/probe2]
connect_debug_port u_ila_1/probe2 [get_nets [list eth_udp_send_inst/payload_req_o ]]
create_debug_port u_ila_1 probe
set_property port_width 1 [get_debug_ports u_ila_1/probe3]
set_property PROBE_TYPE DATA_AND_TRIGGER [get_debug_ports u_ila_1/probe3]
connect_debug_port u_ila_1/probe3 [get_nets [list eth_udp_send_inst/sending_flag ]]
create_debug_port u_ila_1 probe
set_property port_width 1 [get_debug_ports u_ila_1/probe4]
set_property PROBE_TYPE DATA_AND_TRIGGER [get_debug_ports u_ila_1/probe4]
connect_debug_port u_ila_1/probe4 [get_nets [list eth_udp_send_inst/tx_done ]]
create_debug_port u_ila_1 probe
set_property port_width 1 [get_debug_ports u_ila_1/probe5]
set_property PROBE_TYPE DATA_AND_TRIGGER [get_debug_ports u_ila_1/probe5]
connect_debug_port u_ila_1/probe5 [get_nets [list eth_udp_send_inst/tx_en_pulse ]]
save_constraints
reset_run synth_1
launch_runs impl_1 -to_step write_bitstream -jobs 12
wait_on_run impl_1
refresh_design
set_property PROBES.FILE {D:/FPGA_Learning_Journey/Pro/OV5640_ETH_udp___/project/project.runs/impl_1/ov5640_eth_udp.ltx} [get_hw_devices xc7a35t_0]
set_property FULL_PROBES.FILE {D:/FPGA_Learning_Journey/Pro/OV5640_ETH_udp___/project/project.runs/impl_1/ov5640_eth_udp.ltx} [get_hw_devices xc7a35t_0]
set_property PROGRAM.FILE {D:/FPGA_Learning_Journey/Pro/OV5640_ETH_udp___/project/project.runs/impl_1/ov5640_eth_udp.bit} [get_hw_devices xc7a35t_0]
program_hw_devices [get_hw_devices xc7a35t_0]
refresh_hw_device [lindex [get_hw_devices xc7a35t_0] 0]
add_wave -into {hw_ila_data_1.wcfg} -radix hex { {ov5640_vsync_IBUF} }
run_hw_ila [get_hw_ilas -of_objects [get_hw_devices xc7a35t_0] -filter {CELL_NAME=~"u_ila_0"}]
wait_on_hw_ila [get_hw_ilas -of_objects [get_hw_devices xc7a35t_0] -filter {CELL_NAME=~"u_ila_0"}]
display_hw_ila_data [upload_hw_ila_data [get_hw_ilas -of_objects [get_hw_devices xc7a35t_0] -filter {CELL_NAME=~"u_ila_0"}]]
run_hw_ila [get_hw_ilas -of_objects [get_hw_devices xc7a35t_0] -filter {CELL_NAME=~"u_ila_0"}]
wait_on_hw_ila [get_hw_ilas -of_objects [get_hw_devices xc7a35t_0] -filter {CELL_NAME=~"u_ila_0"}]
display_hw_ila_data [upload_hw_ila_data [get_hw_ilas -of_objects [get_hw_devices xc7a35t_0] -filter {CELL_NAME=~"u_ila_0"}]]
run_hw_ila [get_hw_ilas -of_objects [get_hw_devices xc7a35t_0] -filter {CELL_NAME=~"u_ila_0"}]
wait_on_hw_ila [get_hw_ilas -of_objects [get_hw_devices xc7a35t_0] -filter {CELL_NAME=~"u_ila_0"}]
display_hw_ila_data [upload_hw_ila_data [get_hw_ilas -of_objects [get_hw_devices xc7a35t_0] -filter {CELL_NAME=~"u_ila_0"}]]
run_hw_ila [get_hw_ilas -of_objects [get_hw_devices xc7a35t_0] -filter {CELL_NAME=~"u_ila_0"}]
wait_on_hw_ila [get_hw_ilas -of_objects [get_hw_devices xc7a35t_0] -filter {CELL_NAME=~"u_ila_0"}]
display_hw_ila_data [upload_hw_ila_data [get_hw_ilas -of_objects [get_hw_devices xc7a35t_0] -filter {CELL_NAME=~"u_ila_0"}]]
reset_run synth_1
launch_runs impl_1 -to_step write_bitstream -jobs 12
wait_on_run impl_1
refresh_design
create_debug_core u_ila_0 ila
set_property C_DATA_DEPTH 4096 [get_debug_cores u_ila_0]
set_property C_TRIGIN_EN false [get_debug_cores u_ila_0]
set_property C_TRIGOUT_EN false [get_debug_cores u_ila_0]
set_property C_ADV_TRIGGER false [get_debug_cores u_ila_0]
set_property C_INPUT_PIPE_STAGES 0 [get_debug_cores u_ila_0]
set_property C_EN_STRG_QUAL false [get_debug_cores u_ila_0]
set_property ALL_PROBE_SAME_MU true [get_debug_cores u_ila_0]
set_property ALL_PROBE_SAME_MU_CNT 1 [get_debug_cores u_ila_0]
create_debug_core u_ila_1 ila
set_property C_DATA_DEPTH 4096 [get_debug_cores u_ila_1]
set_property C_TRIGIN_EN false [get_debug_cores u_ila_1]
set_property C_TRIGOUT_EN false [get_debug_cores u_ila_1]
set_property C_ADV_TRIGGER false [get_debug_cores u_ila_1]
set_property C_INPUT_PIPE_STAGES 0 [get_debug_cores u_ila_1]
set_property C_EN_STRG_QUAL false [get_debug_cores u_ila_1]
set_property ALL_PROBE_SAME_MU true [get_debug_cores u_ila_1]
set_property ALL_PROBE_SAME_MU_CNT 1 [get_debug_cores u_ila_1]
connect_debug_port u_ila_0/clk [get_nets [list ov5640_pclk_IBUF_BUFG ]]
connect_debug_port u_ila_1/clk [get_nets [list pll/inst/clk_out2 ]]
set_property port_width 16 [get_debug_ports u_ila_0/probe0]
set_property PROBE_TYPE DATA_AND_TRIGGER [get_debug_ports u_ila_0/probe0]
connect_debug_port u_ila_0/probe0 [get_nets [list {h_cnt[0]} {h_cnt[1]} {h_cnt[2]} {h_cnt[3]} {h_cnt[4]} {h_cnt[5]} {h_cnt[6]} {h_cnt[7]} {h_cnt[8]} {h_cnt[9]} {h_cnt[10]} {h_cnt[11]} {h_cnt[12]} {h_cnt[13]} {h_cnt[14]} {h_cnt[15]} ]]
create_debug_port u_ila_0 probe
set_property port_width 16 [get_debug_ports u_ila_0/probe1]
set_property PROBE_TYPE DATA_AND_TRIGGER [get_debug_ports u_ila_0/probe1]
connect_debug_port u_ila_0/probe1 [get_nets [list {h_pix_cnt[0]} {h_pix_cnt[1]} {h_pix_cnt[2]} {h_pix_cnt[3]} {h_pix_cnt[4]} {h_pix_cnt[5]} {h_pix_cnt[6]} {h_pix_cnt[7]} {h_pix_cnt[8]} {h_pix_cnt[9]} {h_pix_cnt[10]} {h_pix_cnt[11]} {h_pix_cnt[12]} {h_pix_cnt[13]} {h_pix_cnt[14]} {h_pix_cnt[15]} ]]
create_debug_port u_ila_0 probe
set_property port_width 16 [get_debug_ports u_ila_0/probe2]
set_property PROBE_TYPE DATA_AND_TRIGGER [get_debug_ports u_ila_0/probe2]
connect_debug_port u_ila_0/probe2 [get_nets [list {ov5640_data_out[0]} {ov5640_data_out[1]} {ov5640_data_out[2]} {ov5640_data_out[3]} {ov5640_data_out[4]} {ov5640_data_out[5]} {ov5640_data_out[6]} {ov5640_data_out[7]} {ov5640_data_out[8]} {ov5640_data_out[9]} {ov5640_data_out[10]} {ov5640_data_out[11]} {ov5640_data_out[12]} {ov5640_data_out[13]} {ov5640_data_out[14]} {ov5640_data_out[15]} ]]
create_debug_port u_ila_0 probe
set_property port_width 1 [get_debug_ports u_ila_0/probe3]
set_property PROBE_TYPE DATA_AND_TRIGGER [get_debug_ports u_ila_0/probe3]
connect_debug_port u_ila_0/probe3 [get_nets [list ov5640_href_reg ]]
create_debug_port u_ila_0 probe
set_property port_width 1 [get_debug_ports u_ila_0/probe4]
set_property PROBE_TYPE DATA_AND_TRIGGER [get_debug_ports u_ila_0/probe4]
connect_debug_port u_ila_0/probe4 [get_nets [list ov5640_href_rise ]]
create_debug_port u_ila_0 probe
set_property port_width 1 [get_debug_ports u_ila_0/probe5]
set_property PROBE_TYPE DATA_AND_TRIGGER [get_debug_ports u_ila_0/probe5]
connect_debug_port u_ila_0/probe5 [get_nets [list ov5640_wr_en ]]
create_debug_port u_ila_0 probe
set_property port_width 1 [get_debug_ports u_ila_0/probe6]
set_property PROBE_TYPE DATA_AND_TRIGGER [get_debug_ports u_ila_0/probe6]
connect_debug_port u_ila_0/probe6 [get_nets [list p_1_in ]]
create_debug_port u_ila_0 probe
set_property port_width 1 [get_debug_ports u_ila_0/probe7]
set_property PROBE_TYPE DATA_AND_TRIGGER [get_debug_ports u_ila_0/probe7]
connect_debug_port u_ila_0/probe7 [get_nets [list p_2_in ]]
set_property port_width 8 [get_debug_ports u_ila_1/probe0]
set_property PROBE_TYPE DATA_AND_TRIGGER [get_debug_ports u_ila_1/probe0]
connect_debug_port u_ila_1/probe0 [get_nets [list {eth_udp_send_inst/payload_dat_i[0]} {eth_udp_send_inst/payload_dat_i[1]} {eth_udp_send_inst/payload_dat_i[2]} {eth_udp_send_inst/payload_dat_i[3]} {eth_udp_send_inst/payload_dat_i[4]} {eth_udp_send_inst/payload_dat_i[5]} {eth_udp_send_inst/payload_dat_i[6]} {eth_udp_send_inst/payload_dat_i[7]} ]]
create_debug_port u_ila_1 probe
set_property port_width 14 [get_debug_ports u_ila_1/probe1]
set_property PROBE_TYPE DATA_AND_TRIGGER [get_debug_ports u_ila_1/probe1]
connect_debug_port u_ila_1/probe1 [get_nets [list {eth_udp_send_inst/rd_data_count[0]} {eth_udp_send_inst/rd_data_count[1]} {eth_udp_send_inst/rd_data_count[2]} {eth_udp_send_inst/rd_data_count[3]} {eth_udp_send_inst/rd_data_count[4]} {eth_udp_send_inst/rd_data_count[5]} {eth_udp_send_inst/rd_data_count[6]} {eth_udp_send_inst/rd_data_count[7]} {eth_udp_send_inst/rd_data_count[8]} {eth_udp_send_inst/rd_data_count[9]} {eth_udp_send_inst/rd_data_count[10]} {eth_udp_send_inst/rd_data_count[11]} {eth_udp_send_inst/rd_data_count[12]} {eth_udp_send_inst/rd_data_count[13]} ]]
create_debug_port u_ila_1 probe
set_property port_width 1 [get_debug_ports u_ila_1/probe2]
set_property PROBE_TYPE DATA_AND_TRIGGER [get_debug_ports u_ila_1/probe2]
connect_debug_port u_ila_1/probe2 [get_nets [list eth_udp_send_inst/payload_req_o ]]
create_debug_port u_ila_1 probe
set_property port_width 1 [get_debug_ports u_ila_1/probe3]
set_property PROBE_TYPE DATA_AND_TRIGGER [get_debug_ports u_ila_1/probe3]
connect_debug_port u_ila_1/probe3 [get_nets [list eth_udp_send_inst/sending_flag ]]
create_debug_port u_ila_1 probe
set_property port_width 1 [get_debug_ports u_ila_1/probe4]
set_property PROBE_TYPE DATA_AND_TRIGGER [get_debug_ports u_ila_1/probe4]
connect_debug_port u_ila_1/probe4 [get_nets [list eth_udp_send_inst/tx_done ]]
create_debug_port u_ila_1 probe
set_property port_width 1 [get_debug_ports u_ila_1/probe5]
set_property PROBE_TYPE DATA_AND_TRIGGER [get_debug_ports u_ila_1/probe5]
connect_debug_port u_ila_1/probe5 [get_nets [list eth_udp_send_inst/tx_en_pulse ]]
save_constraints
reset_run synth_1
launch_runs impl_1 -to_step write_bitstream -jobs 12
wait_on_run impl_1
set_property PROBES.FILE {D:/FPGA_Learning_Journey/Pro/OV5640_ETH_udp___/project/project.runs/impl_1/ov5640_eth_udp.ltx} [get_hw_devices xc7a35t_0]
set_property FULL_PROBES.FILE {D:/FPGA_Learning_Journey/Pro/OV5640_ETH_udp___/project/project.runs/impl_1/ov5640_eth_udp.ltx} [get_hw_devices xc7a35t_0]
set_property PROGRAM.FILE {D:/FPGA_Learning_Journey/Pro/OV5640_ETH_udp___/project/project.runs/impl_1/ov5640_eth_udp.bit} [get_hw_devices xc7a35t_0]
program_hw_devices [get_hw_devices xc7a35t_0]
refresh_hw_device [lindex [get_hw_devices xc7a35t_0] 0]
add_wave -into {hw_ila_data_1.wcfg} -radix hex { {p_2_in} }
run_hw_ila [get_hw_ilas -of_objects [get_hw_devices xc7a35t_0] -filter {CELL_NAME=~"u_ila_0"}]
wait_on_hw_ila [get_hw_ilas -of_objects [get_hw_devices xc7a35t_0] -filter {CELL_NAME=~"u_ila_0"}]
display_hw_ila_data [upload_hw_ila_data [get_hw_ilas -of_objects [get_hw_devices xc7a35t_0] -filter {CELL_NAME=~"u_ila_0"}]]
run_hw_ila [get_hw_ilas -of_objects [get_hw_devices xc7a35t_0] -filter {CELL_NAME=~"u_ila_0"}]
wait_on_hw_ila [get_hw_ilas -of_objects [get_hw_devices xc7a35t_0] -filter {CELL_NAME=~"u_ila_0"}]
display_hw_ila_data [upload_hw_ila_data [get_hw_ilas -of_objects [get_hw_devices xc7a35t_0] -filter {CELL_NAME=~"u_ila_0"}]]
run_hw_ila [get_hw_ilas -of_objects [get_hw_devices xc7a35t_0] -filter {CELL_NAME=~"u_ila_0"}]
wait_on_hw_ila [get_hw_ilas -of_objects [get_hw_devices xc7a35t_0] -filter {CELL_NAME=~"u_ila_0"}]
display_hw_ila_data [upload_hw_ila_data [get_hw_ilas -of_objects [get_hw_devices xc7a35t_0] -filter {CELL_NAME=~"u_ila_0"}]]
run_hw_ila [get_hw_ilas -of_objects [get_hw_devices xc7a35t_0] -filter {CELL_NAME=~"u_ila_0"}]
wait_on_hw_ila [get_hw_ilas -of_objects [get_hw_devices xc7a35t_0] -filter {CELL_NAME=~"u_ila_0"}]
display_hw_ila_data [upload_hw_ila_data [get_hw_ilas -of_objects [get_hw_devices xc7a35t_0] -filter {CELL_NAME=~"u_ila_0"}]]
run_hw_ila [get_hw_ilas -of_objects [get_hw_devices xc7a35t_0] -filter {CELL_NAME=~"u_ila_0"}]
wait_on_hw_ila [get_hw_ilas -of_objects [get_hw_devices xc7a35t_0] -filter {CELL_NAME=~"u_ila_0"}]
display_hw_ila_data [upload_hw_ila_data [get_hw_ilas -of_objects [get_hw_devices xc7a35t_0] -filter {CELL_NAME=~"u_ila_0"}]]
set_property TRIGGER_COMPARE_VALUE eq1'bX [get_hw_probes ov5640_wr_en -of_objects [get_hw_ilas -of_objects [get_hw_devices xc7a35t_0] -filter {CELL_NAME=~"u_ila_0"}]]
set_property TRIGGER_COMPARE_VALUE eq16'h479X [get_hw_probes h_cnt -of_objects [get_hw_ilas -of_objects [get_hw_devices xc7a35t_0] -filter {CELL_NAME=~"u_ila_0"}]]
set_property TRIGGER_COMPARE_VALUE eq16'u18320 [get_hw_probes h_cnt -of_objects [get_hw_ilas -of_objects [get_hw_devices xc7a35t_0] -filter {CELL_NAME=~"u_ila_0"}]]
set_property TRIGGER_COMPARE_VALUE eq16'u479 [get_hw_probes h_cnt -of_objects [get_hw_ilas -of_objects [get_hw_devices xc7a35t_0] -filter {CELL_NAME=~"u_ila_0"}]]
set_property TRIGGER_COMPARE_VALUE gteq16'u479 [get_hw_probes h_cnt -of_objects [get_hw_ilas -of_objects [get_hw_devices xc7a35t_0] -filter {CELL_NAME=~"u_ila_0"}]]
run_hw_ila [get_hw_ilas -of_objects [get_hw_devices xc7a35t_0] -filter {CELL_NAME=~"u_ila_0"}]
wait_on_hw_ila [get_hw_ilas -of_objects [get_hw_devices xc7a35t_0] -filter {CELL_NAME=~"u_ila_0"}]
display_hw_ila_data [upload_hw_ila_data [get_hw_ilas -of_objects [get_hw_devices xc7a35t_0] -filter {CELL_NAME=~"u_ila_0"}]]
run_hw_ila [get_hw_ilas -of_objects [get_hw_devices xc7a35t_0] -filter {CELL_NAME=~"u_ila_0"}]
wait_on_hw_ila [get_hw_ilas -of_objects [get_hw_devices xc7a35t_0] -filter {CELL_NAME=~"u_ila_0"}]
display_hw_ila_data [upload_hw_ila_data [get_hw_ilas -of_objects [get_hw_devices xc7a35t_0] -filter {CELL_NAME=~"u_ila_0"}]]
run_hw_ila [get_hw_ilas -of_objects [get_hw_devices xc7a35t_0] -filter {CELL_NAME=~"u_ila_0"}]
wait_on_hw_ila [get_hw_ilas -of_objects [get_hw_devices xc7a35t_0] -filter {CELL_NAME=~"u_ila_0"}]
display_hw_ila_data [upload_hw_ila_data [get_hw_ilas -of_objects [get_hw_devices xc7a35t_0] -filter {CELL_NAME=~"u_ila_0"}]]
set_property TRIGGER_COMPARE_VALUE eq16'u479 [get_hw_probes h_cnt -of_objects [get_hw_ilas -of_objects [get_hw_devices xc7a35t_0] -filter {CELL_NAME=~"u_ila_0"}]]
set_property TRIGGER_COMPARE_VALUE eq16'u480 [get_hw_probes h_cnt -of_objects [get_hw_ilas -of_objects [get_hw_devices xc7a35t_0] -filter {CELL_NAME=~"u_ila_0"}]]
run_hw_ila [get_hw_ilas -of_objects [get_hw_devices xc7a35t_0] -filter {CELL_NAME=~"u_ila_0"}]
wait_on_hw_ila [get_hw_ilas -of_objects [get_hw_devices xc7a35t_0] -filter {CELL_NAME=~"u_ila_0"}]
display_hw_ila_data [upload_hw_ila_data [get_hw_ilas -of_objects [get_hw_devices xc7a35t_0] -filter {CELL_NAME=~"u_ila_0"}]]
set_property TRIGGER_COMPARE_VALUE eq16'u481 [get_hw_probes h_cnt -of_objects [get_hw_ilas -of_objects [get_hw_devices xc7a35t_0] -filter {CELL_NAME=~"u_ila_0"}]]
run_hw_ila [get_hw_ilas -of_objects [get_hw_devices xc7a35t_0] -filter {CELL_NAME=~"u_ila_0"}]
wait_on_hw_ila -timeout 0 [get_hw_ilas -of_objects [get_hw_devices xc7a35t_0] -filter {CELL_NAME=~"u_ila_0"}]
upload_hw_ila_data [get_hw_ilas -of_objects [get_hw_devices xc7a35t_0] -filter {CELL_NAME=~"u_ila_0"}]
set_property TRIGGER_COMPARE_VALUE eq16'u479 [get_hw_probes h_cnt -of_objects [get_hw_ilas -of_objects [get_hw_devices xc7a35t_0] -filter {CELL_NAME=~"u_ila_0"}]]
set_property TRIGGER_COMPARE_VALUE eq16'hXXXX [get_hw_probes h_cnt -of_objects [get_hw_ilas -of_objects [get_hw_devices xc7a35t_0] -filter {CELL_NAME=~"u_ila_0"}]]
set_property TRIGGER_COMPARE_VALUE eq1'bR [get_hw_probes ov5640_wr_en -of_objects [get_hw_ilas -of_objects [get_hw_devices xc7a35t_0] -filter {CELL_NAME=~"u_ila_0"}]]
run_hw_ila [get_hw_ilas -of_objects [get_hw_devices xc7a35t_0] -filter {CELL_NAME=~"u_ila_0"}]
wait_on_hw_ila [get_hw_ilas -of_objects [get_hw_devices xc7a35t_0] -filter {CELL_NAME=~"u_ila_0"}]
display_hw_ila_data [upload_hw_ila_data [get_hw_ilas -of_objects [get_hw_devices xc7a35t_0] -filter {CELL_NAME=~"u_ila_0"}]]
reset_run synth_1
launch_runs synth_1 -jobs 12
wait_on_run synth_1
close_design
open_run synth_1 -name synth_1
create_debug_core u_ila_0 ila
set_property C_DATA_DEPTH 4096 [get_debug_cores u_ila_0]
set_property C_TRIGIN_EN false [get_debug_cores u_ila_0]
set_property C_TRIGOUT_EN false [get_debug_cores u_ila_0]
set_property C_ADV_TRIGGER false [get_debug_cores u_ila_0]
set_property C_INPUT_PIPE_STAGES 0 [get_debug_cores u_ila_0]
set_property C_EN_STRG_QUAL false [get_debug_cores u_ila_0]
set_property ALL_PROBE_SAME_MU true [get_debug_cores u_ila_0]
set_property ALL_PROBE_SAME_MU_CNT 1 [get_debug_cores u_ila_0]
create_debug_core u_ila_1 ila
set_property C_DATA_DEPTH 4096 [get_debug_cores u_ila_1]
set_property C_TRIGIN_EN false [get_debug_cores u_ila_1]
set_property C_TRIGOUT_EN false [get_debug_cores u_ila_1]
set_property C_ADV_TRIGGER false [get_debug_cores u_ila_1]
set_property C_INPUT_PIPE_STAGES 0 [get_debug_cores u_ila_1]
set_property C_EN_STRG_QUAL false [get_debug_cores u_ila_1]
set_property ALL_PROBE_SAME_MU true [get_debug_cores u_ila_1]
set_property ALL_PROBE_SAME_MU_CNT 1 [get_debug_cores u_ila_1]
connect_debug_port u_ila_0/clk [get_nets [list ov5640_pclk_IBUF_BUFG ]]
connect_debug_port u_ila_1/clk [get_nets [list pll/inst/clk_out2 ]]
set_property port_width 16 [get_debug_ports u_ila_0/probe0]
set_property PROBE_TYPE DATA_AND_TRIGGER [get_debug_ports u_ila_0/probe0]
connect_debug_port u_ila_0/probe0 [get_nets [list {ov5640_data_out[0]} {ov5640_data_out[1]} {ov5640_data_out[2]} {ov5640_data_out[3]} {ov5640_data_out[4]} {ov5640_data_out[5]} {ov5640_data_out[6]} {ov5640_data_out[7]} {ov5640_data_out[8]} {ov5640_data_out[9]} {ov5640_data_out[10]} {ov5640_data_out[11]} {ov5640_data_out[12]} {ov5640_data_out[13]} {ov5640_data_out[14]} {ov5640_data_out[15]} ]]
create_debug_port u_ila_0 probe
set_property port_width 16 [get_debug_ports u_ila_0/probe1]
set_property PROBE_TYPE DATA_AND_TRIGGER [get_debug_ports u_ila_0/probe1]
connect_debug_port u_ila_0/probe1 [get_nets [list {h_pix_cnt[0]} {h_pix_cnt[1]} {h_pix_cnt[2]} {h_pix_cnt[3]} {h_pix_cnt[4]} {h_pix_cnt[5]} {h_pix_cnt[6]} {h_pix_cnt[7]} {h_pix_cnt[8]} {h_pix_cnt[9]} {h_pix_cnt[10]} {h_pix_cnt[11]} {h_pix_cnt[12]} {h_pix_cnt[13]} {h_pix_cnt[14]} {h_pix_cnt[15]} ]]
create_debug_port u_ila_0 probe
set_property port_width 16 [get_debug_ports u_ila_0/probe2]
set_property PROBE_TYPE DATA_AND_TRIGGER [get_debug_ports u_ila_0/probe2]
connect_debug_port u_ila_0/probe2 [get_nets [list {h_cnt[0]} {h_cnt[1]} {h_cnt[2]} {h_cnt[3]} {h_cnt[4]} {h_cnt[5]} {h_cnt[6]} {h_cnt[7]} {h_cnt[8]} {h_cnt[9]} {h_cnt[10]} {h_cnt[11]} {h_cnt[12]} {h_cnt[13]} {h_cnt[14]} {h_cnt[15]} ]]
create_debug_port u_ila_0 probe
set_property port_width 1 [get_debug_ports u_ila_0/probe3]
set_property PROBE_TYPE DATA_AND_TRIGGER [get_debug_ports u_ila_0/probe3]
connect_debug_port u_ila_0/probe3 [get_nets [list h_wr_en ]]
create_debug_port u_ila_0 probe
set_property port_width 1 [get_debug_ports u_ila_0/probe4]
set_property PROBE_TYPE DATA_AND_TRIGGER [get_debug_ports u_ila_0/probe4]
connect_debug_port u_ila_0/probe4 [get_nets [list ov5640_href_reg ]]
create_debug_port u_ila_0 probe
set_property port_width 1 [get_debug_ports u_ila_0/probe5]
set_property PROBE_TYPE DATA_AND_TRIGGER [get_debug_ports u_ila_0/probe5]
connect_debug_port u_ila_0/probe5 [get_nets [list ov5640_href_rise ]]
create_debug_port u_ila_0 probe
set_property port_width 1 [get_debug_ports u_ila_0/probe6]
set_property PROBE_TYPE DATA_AND_TRIGGER [get_debug_ports u_ila_0/probe6]
connect_debug_port u_ila_0/probe6 [get_nets [list ov5640_wr_en ]]
create_debug_port u_ila_0 probe
set_property port_width 1 [get_debug_ports u_ila_0/probe7]
set_property PROBE_TYPE DATA_AND_TRIGGER [get_debug_ports u_ila_0/probe7]
connect_debug_port u_ila_0/probe7 [get_nets [list p_1_in ]]
create_debug_port u_ila_0 probe
set_property port_width 1 [get_debug_ports u_ila_0/probe8]
set_property PROBE_TYPE DATA_AND_TRIGGER [get_debug_ports u_ila_0/probe8]
connect_debug_port u_ila_0/probe8 [get_nets [list p_2_in ]]
set_property port_width 8 [get_debug_ports u_ila_1/probe0]
set_property PROBE_TYPE DATA_AND_TRIGGER [get_debug_ports u_ila_1/probe0]
connect_debug_port u_ila_1/probe0 [get_nets [list {eth_udp_send_inst/payload_dat_i[0]} {eth_udp_send_inst/payload_dat_i[1]} {eth_udp_send_inst/payload_dat_i[2]} {eth_udp_send_inst/payload_dat_i[3]} {eth_udp_send_inst/payload_dat_i[4]} {eth_udp_send_inst/payload_dat_i[5]} {eth_udp_send_inst/payload_dat_i[6]} {eth_udp_send_inst/payload_dat_i[7]} ]]
create_debug_port u_ila_1 probe
set_property port_width 14 [get_debug_ports u_ila_1/probe1]
set_property PROBE_TYPE DATA_AND_TRIGGER [get_debug_ports u_ila_1/probe1]
connect_debug_port u_ila_1/probe1 [get_nets [list {eth_udp_send_inst/rd_data_count[0]} {eth_udp_send_inst/rd_data_count[1]} {eth_udp_send_inst/rd_data_count[2]} {eth_udp_send_inst/rd_data_count[3]} {eth_udp_send_inst/rd_data_count[4]} {eth_udp_send_inst/rd_data_count[5]} {eth_udp_send_inst/rd_data_count[6]} {eth_udp_send_inst/rd_data_count[7]} {eth_udp_send_inst/rd_data_count[8]} {eth_udp_send_inst/rd_data_count[9]} {eth_udp_send_inst/rd_data_count[10]} {eth_udp_send_inst/rd_data_count[11]} {eth_udp_send_inst/rd_data_count[12]} {eth_udp_send_inst/rd_data_count[13]} ]]
create_debug_port u_ila_1 probe
set_property port_width 1 [get_debug_ports u_ila_1/probe2]
set_property PROBE_TYPE DATA_AND_TRIGGER [get_debug_ports u_ila_1/probe2]
connect_debug_port u_ila_1/probe2 [get_nets [list eth_udp_send_inst/payload_req_o ]]
create_debug_port u_ila_1 probe
set_property port_width 1 [get_debug_ports u_ila_1/probe3]
set_property PROBE_TYPE DATA_AND_TRIGGER [get_debug_ports u_ila_1/probe3]
connect_debug_port u_ila_1/probe3 [get_nets [list eth_udp_send_inst/sending_flag ]]
create_debug_port u_ila_1 probe
set_property port_width 1 [get_debug_ports u_ila_1/probe4]
set_property PROBE_TYPE DATA_AND_TRIGGER [get_debug_ports u_ila_1/probe4]
connect_debug_port u_ila_1/probe4 [get_nets [list eth_udp_send_inst/tx_done ]]
create_debug_port u_ila_1 probe
set_property port_width 1 [get_debug_ports u_ila_1/probe5]
set_property PROBE_TYPE DATA_AND_TRIGGER [get_debug_ports u_ila_1/probe5]
connect_debug_port u_ila_1/probe5 [get_nets [list eth_udp_send_inst/tx_en_pulse ]]
save_constraints
launch_runs impl_1 -to_step write_bitstream -jobs 12
wait_on_run impl_1
set_property PROBES.FILE {D:/FPGA_Learning_Journey/Pro/OV5640_ETH_udp___/project/project.runs/impl_1/ov5640_eth_udp.ltx} [get_hw_devices xc7a35t_0]
set_property FULL_PROBES.FILE {D:/FPGA_Learning_Journey/Pro/OV5640_ETH_udp___/project/project.runs/impl_1/ov5640_eth_udp.ltx} [get_hw_devices xc7a35t_0]
set_property PROGRAM.FILE {D:/FPGA_Learning_Journey/Pro/OV5640_ETH_udp___/project/project.runs/impl_1/ov5640_eth_udp.bit} [get_hw_devices xc7a35t_0]
program_hw_devices [get_hw_devices xc7a35t_0]
refresh_hw_device [lindex [get_hw_devices xc7a35t_0] 0]
add_wave -into {hw_ila_data_1.wcfg} -radix hex { {h_wr_en} }
run_hw_ila [get_hw_ilas -of_objects [get_hw_devices xc7a35t_0] -filter {CELL_NAME=~"u_ila_0"}]
wait_on_hw_ila [get_hw_ilas -of_objects [get_hw_devices xc7a35t_0] -filter {CELL_NAME=~"u_ila_0"}]
display_hw_ila_data [upload_hw_ila_data [get_hw_ilas -of_objects [get_hw_devices xc7a35t_0] -filter {CELL_NAME=~"u_ila_0"}]]
reset_run synth_1
launch_runs synth_1 -jobs 12
wait_on_run synth_1
close_design
open_run synth_1 -name synth_1
create_debug_core u_ila_0 ila
set_property C_DATA_DEPTH 4096 [get_debug_cores u_ila_0]
set_property C_TRIGIN_EN false [get_debug_cores u_ila_0]
set_property C_TRIGOUT_EN false [get_debug_cores u_ila_0]
set_property C_ADV_TRIGGER false [get_debug_cores u_ila_0]
set_property C_INPUT_PIPE_STAGES 0 [get_debug_cores u_ila_0]
set_property C_EN_STRG_QUAL false [get_debug_cores u_ila_0]
set_property ALL_PROBE_SAME_MU true [get_debug_cores u_ila_0]
set_property ALL_PROBE_SAME_MU_CNT 1 [get_debug_cores u_ila_0]
create_debug_core u_ila_1 ila
set_property C_DATA_DEPTH 4096 [get_debug_cores u_ila_1]
set_property C_TRIGIN_EN false [get_debug_cores u_ila_1]
set_property C_TRIGOUT_EN false [get_debug_cores u_ila_1]
set_property C_ADV_TRIGGER false [get_debug_cores u_ila_1]
set_property C_INPUT_PIPE_STAGES 0 [get_debug_cores u_ila_1]
set_property C_EN_STRG_QUAL false [get_debug_cores u_ila_1]
set_property ALL_PROBE_SAME_MU true [get_debug_cores u_ila_1]
set_property ALL_PROBE_SAME_MU_CNT 1 [get_debug_cores u_ila_1]
connect_debug_port u_ila_0/clk [get_nets [list ov5640_pclk_IBUF_BUFG ]]
connect_debug_port u_ila_1/clk [get_nets [list pll/inst/clk_out2 ]]
set_property port_width 16 [get_debug_ports u_ila_0/probe0]
set_property PROBE_TYPE DATA_AND_TRIGGER [get_debug_ports u_ila_0/probe0]
connect_debug_port u_ila_0/probe0 [get_nets [list {h_cnt[0]} {h_cnt[1]} {h_cnt[2]} {h_cnt[3]} {h_cnt[4]} {h_cnt[5]} {h_cnt[6]} {h_cnt[7]} {h_cnt[8]} {h_cnt[9]} {h_cnt[10]} {h_cnt[11]} {h_cnt[12]} {h_cnt[13]} {h_cnt[14]} {h_cnt[15]} ]]
create_debug_port u_ila_0 probe
set_property port_width 16 [get_debug_ports u_ila_0/probe1]
set_property PROBE_TYPE DATA_AND_TRIGGER [get_debug_ports u_ila_0/probe1]
connect_debug_port u_ila_0/probe1 [get_nets [list {h_pix_cnt[0]} {h_pix_cnt[1]} {h_pix_cnt[2]} {h_pix_cnt[3]} {h_pix_cnt[4]} {h_pix_cnt[5]} {h_pix_cnt[6]} {h_pix_cnt[7]} {h_pix_cnt[8]} {h_pix_cnt[9]} {h_pix_cnt[10]} {h_pix_cnt[11]} {h_pix_cnt[12]} {h_pix_cnt[13]} {h_pix_cnt[14]} {h_pix_cnt[15]} ]]
create_debug_port u_ila_0 probe
set_property port_width 16 [get_debug_ports u_ila_0/probe2]
set_property PROBE_TYPE DATA_AND_TRIGGER [get_debug_ports u_ila_0/probe2]
connect_debug_port u_ila_0/probe2 [get_nets [list {ov5640_data_out[0]} {ov5640_data_out[1]} {ov5640_data_out[2]} {ov5640_data_out[3]} {ov5640_data_out[4]} {ov5640_data_out[5]} {ov5640_data_out[6]} {ov5640_data_out[7]} {ov5640_data_out[8]} {ov5640_data_out[9]} {ov5640_data_out[10]} {ov5640_data_out[11]} {ov5640_data_out[12]} {ov5640_data_out[13]} {ov5640_data_out[14]} {ov5640_data_out[15]} ]]
create_debug_port u_ila_0 probe
set_property port_width 1 [get_debug_ports u_ila_0/probe3]
set_property PROBE_TYPE DATA_AND_TRIGGER [get_debug_ports u_ila_0/probe3]
connect_debug_port u_ila_0/probe3 [get_nets [list h_wr_en ]]
create_debug_port u_ila_0 probe
set_property port_width 1 [get_debug_ports u_ila_0/probe4]
set_property PROBE_TYPE DATA_AND_TRIGGER [get_debug_ports u_ila_0/probe4]
connect_debug_port u_ila_0/probe4 [get_nets [list ov5640_href_reg ]]
create_debug_port u_ila_0 probe
set_property port_width 1 [get_debug_ports u_ila_0/probe5]
set_property PROBE_TYPE DATA_AND_TRIGGER [get_debug_ports u_ila_0/probe5]
connect_debug_port u_ila_0/probe5 [get_nets [list ov5640_href_rise ]]
create_debug_port u_ila_0 probe
set_property port_width 1 [get_debug_ports u_ila_0/probe6]
set_property PROBE_TYPE DATA_AND_TRIGGER [get_debug_ports u_ila_0/probe6]
connect_debug_port u_ila_0/probe6 [get_nets [list ov5640_wr_en ]]
create_debug_port u_ila_0 probe
set_property port_width 1 [get_debug_ports u_ila_0/probe7]
set_property PROBE_TYPE DATA_AND_TRIGGER [get_debug_ports u_ila_0/probe7]
connect_debug_port u_ila_0/probe7 [get_nets [list p_1_in ]]
create_debug_port u_ila_0 probe
set_property port_width 1 [get_debug_ports u_ila_0/probe8]
set_property PROBE_TYPE DATA_AND_TRIGGER [get_debug_ports u_ila_0/probe8]
connect_debug_port u_ila_0/probe8 [get_nets [list p_2_in ]]
set_property port_width 8 [get_debug_ports u_ila_1/probe0]
set_property PROBE_TYPE DATA_AND_TRIGGER [get_debug_ports u_ila_1/probe0]
connect_debug_port u_ila_1/probe0 [get_nets [list {eth_udp_send_inst/payload_dat_i[0]} {eth_udp_send_inst/payload_dat_i[1]} {eth_udp_send_inst/payload_dat_i[2]} {eth_udp_send_inst/payload_dat_i[3]} {eth_udp_send_inst/payload_dat_i[4]} {eth_udp_send_inst/payload_dat_i[5]} {eth_udp_send_inst/payload_dat_i[6]} {eth_udp_send_inst/payload_dat_i[7]} ]]
create_debug_port u_ila_1 probe
set_property port_width 14 [get_debug_ports u_ila_1/probe1]
set_property PROBE_TYPE DATA_AND_TRIGGER [get_debug_ports u_ila_1/probe1]
connect_debug_port u_ila_1/probe1 [get_nets [list {eth_udp_send_inst/rd_data_count[0]} {eth_udp_send_inst/rd_data_count[1]} {eth_udp_send_inst/rd_data_count[2]} {eth_udp_send_inst/rd_data_count[3]} {eth_udp_send_inst/rd_data_count[4]} {eth_udp_send_inst/rd_data_count[5]} {eth_udp_send_inst/rd_data_count[6]} {eth_udp_send_inst/rd_data_count[7]} {eth_udp_send_inst/rd_data_count[8]} {eth_udp_send_inst/rd_data_count[9]} {eth_udp_send_inst/rd_data_count[10]} {eth_udp_send_inst/rd_data_count[11]} {eth_udp_send_inst/rd_data_count[12]} {eth_udp_send_inst/rd_data_count[13]} ]]
create_debug_port u_ila_1 probe
set_property port_width 1 [get_debug_ports u_ila_1/probe2]
set_property PROBE_TYPE DATA_AND_TRIGGER [get_debug_ports u_ila_1/probe2]
connect_debug_port u_ila_1/probe2 [get_nets [list eth_udp_send_inst/payload_req_o ]]
create_debug_port u_ila_1 probe
set_property port_width 1 [get_debug_ports u_ila_1/probe3]
set_property PROBE_TYPE DATA_AND_TRIGGER [get_debug_ports u_ila_1/probe3]
connect_debug_port u_ila_1/probe3 [get_nets [list eth_udp_send_inst/sending_flag ]]
create_debug_port u_ila_1 probe
set_property port_width 1 [get_debug_ports u_ila_1/probe4]
set_property PROBE_TYPE DATA_AND_TRIGGER [get_debug_ports u_ila_1/probe4]
connect_debug_port u_ila_1/probe4 [get_nets [list eth_udp_send_inst/tx_done ]]
create_debug_port u_ila_1 probe
set_property port_width 1 [get_debug_ports u_ila_1/probe5]
set_property PROBE_TYPE DATA_AND_TRIGGER [get_debug_ports u_ila_1/probe5]
connect_debug_port u_ila_1/probe5 [get_nets [list eth_udp_send_inst/tx_en_pulse ]]
save_constraints
reset_run synth_1
launch_runs impl_1 -to_step write_bitstream -jobs 12
wait_on_run impl_1
refresh_design
set_property PROBES.FILE {D:/FPGA_Learning_Journey/Pro/OV5640_ETH_udp___/project/project.runs/impl_1/ov5640_eth_udp.ltx} [get_hw_devices xc7a35t_0]
set_property FULL_PROBES.FILE {D:/FPGA_Learning_Journey/Pro/OV5640_ETH_udp___/project/project.runs/impl_1/ov5640_eth_udp.ltx} [get_hw_devices xc7a35t_0]
set_property PROGRAM.FILE {D:/FPGA_Learning_Journey/Pro/OV5640_ETH_udp___/project/project.runs/impl_1/ov5640_eth_udp.bit} [get_hw_devices xc7a35t_0]
program_hw_devices [get_hw_devices xc7a35t_0]
refresh_hw_device [lindex [get_hw_devices xc7a35t_0] 0]
run_hw_ila [get_hw_ilas -of_objects [get_hw_devices xc7a35t_0] -filter {CELL_NAME=~"u_ila_0"}]
wait_on_hw_ila [get_hw_ilas -of_objects [get_hw_devices xc7a35t_0] -filter {CELL_NAME=~"u_ila_0"}]
display_hw_ila_data [upload_hw_ila_data [get_hw_ilas -of_objects [get_hw_devices xc7a35t_0] -filter {CELL_NAME=~"u_ila_0"}]]
reset_run synth_1
launch_runs synth_1 -jobs 12
wait_on_run synth_1
close_design
open_run synth_1 -name synth_1
create_debug_core u_ila_0 ila
set_property C_DATA_DEPTH 4096 [get_debug_cores u_ila_0]
set_property C_TRIGIN_EN false [get_debug_cores u_ila_0]
set_property C_TRIGOUT_EN false [get_debug_cores u_ila_0]
set_property C_ADV_TRIGGER false [get_debug_cores u_ila_0]
set_property C_INPUT_PIPE_STAGES 0 [get_debug_cores u_ila_0]
set_property C_EN_STRG_QUAL false [get_debug_cores u_ila_0]
set_property ALL_PROBE_SAME_MU true [get_debug_cores u_ila_0]
set_property ALL_PROBE_SAME_MU_CNT 1 [get_debug_cores u_ila_0]
create_debug_core u_ila_1 ila
set_property C_DATA_DEPTH 4096 [get_debug_cores u_ila_1]
set_property C_TRIGIN_EN false [get_debug_cores u_ila_1]
set_property C_TRIGOUT_EN false [get_debug_cores u_ila_1]
set_property C_ADV_TRIGGER false [get_debug_cores u_ila_1]
set_property C_INPUT_PIPE_STAGES 0 [get_debug_cores u_ila_1]
set_property C_EN_STRG_QUAL false [get_debug_cores u_ila_1]
set_property ALL_PROBE_SAME_MU true [get_debug_cores u_ila_1]
set_property ALL_PROBE_SAME_MU_CNT 1 [get_debug_cores u_ila_1]
connect_debug_port u_ila_0/clk [get_nets [list ov5640_pclk_IBUF_BUFG ]]
connect_debug_port u_ila_1/clk [get_nets [list pll/inst/clk_out2 ]]
set_property port_width 16 [get_debug_ports u_ila_0/probe0]
set_property PROBE_TYPE DATA_AND_TRIGGER [get_debug_ports u_ila_0/probe0]
connect_debug_port u_ila_0/probe0 [get_nets [list {h_pix_cnt[0]} {h_pix_cnt[1]} {h_pix_cnt[2]} {h_pix_cnt[3]} {h_pix_cnt[4]} {h_pix_cnt[5]} {h_pix_cnt[6]} {h_pix_cnt[7]} {h_pix_cnt[8]} {h_pix_cnt[9]} {h_pix_cnt[10]} {h_pix_cnt[11]} {h_pix_cnt[12]} {h_pix_cnt[13]} {h_pix_cnt[14]} {h_pix_cnt[15]} ]]
create_debug_port u_ila_0 probe
set_property port_width 16 [get_debug_ports u_ila_0/probe1]
set_property PROBE_TYPE DATA_AND_TRIGGER [get_debug_ports u_ila_0/probe1]
connect_debug_port u_ila_0/probe1 [get_nets [list {ov5640_data_out[0]} {ov5640_data_out[1]} {ov5640_data_out[2]} {ov5640_data_out[3]} {ov5640_data_out[4]} {ov5640_data_out[5]} {ov5640_data_out[6]} {ov5640_data_out[7]} {ov5640_data_out[8]} {ov5640_data_out[9]} {ov5640_data_out[10]} {ov5640_data_out[11]} {ov5640_data_out[12]} {ov5640_data_out[13]} {ov5640_data_out[14]} {ov5640_data_out[15]} ]]
create_debug_port u_ila_0 probe
set_property port_width 16 [get_debug_ports u_ila_0/probe2]
set_property PROBE_TYPE DATA_AND_TRIGGER [get_debug_ports u_ila_0/probe2]
connect_debug_port u_ila_0/probe2 [get_nets [list {h_cnt[0]} {h_cnt[1]} {h_cnt[2]} {h_cnt[3]} {h_cnt[4]} {h_cnt[5]} {h_cnt[6]} {h_cnt[7]} {h_cnt[8]} {h_cnt[9]} {h_cnt[10]} {h_cnt[11]} {h_cnt[12]} {h_cnt[13]} {h_cnt[14]} {h_cnt[15]} ]]
create_debug_port u_ila_0 probe
set_property port_width 1 [get_debug_ports u_ila_0/probe3]
set_property PROBE_TYPE DATA_AND_TRIGGER [get_debug_ports u_ila_0/probe3]
connect_debug_port u_ila_0/probe3 [get_nets [list h_wr_en ]]
create_debug_port u_ila_0 probe
set_property port_width 1 [get_debug_ports u_ila_0/probe4]
set_property PROBE_TYPE DATA_AND_TRIGGER [get_debug_ports u_ila_0/probe4]
connect_debug_port u_ila_0/probe4 [get_nets [list ov5640_href_reg ]]
create_debug_port u_ila_0 probe
set_property port_width 1 [get_debug_ports u_ila_0/probe5]
set_property PROBE_TYPE DATA_AND_TRIGGER [get_debug_ports u_ila_0/probe5]
connect_debug_port u_ila_0/probe5 [get_nets [list ov5640_href_rise ]]
create_debug_port u_ila_0 probe
set_property port_width 1 [get_debug_ports u_ila_0/probe6]
set_property PROBE_TYPE DATA_AND_TRIGGER [get_debug_ports u_ila_0/probe6]
connect_debug_port u_ila_0/probe6 [get_nets [list ov5640_wr_en ]]
create_debug_port u_ila_0 probe
set_property port_width 1 [get_debug_ports u_ila_0/probe7]
set_property PROBE_TYPE DATA_AND_TRIGGER [get_debug_ports u_ila_0/probe7]
connect_debug_port u_ila_0/probe7 [get_nets [list p_1_in ]]
create_debug_port u_ila_0 probe
set_property port_width 1 [get_debug_ports u_ila_0/probe8]
set_property PROBE_TYPE DATA_AND_TRIGGER [get_debug_ports u_ila_0/probe8]
connect_debug_port u_ila_0/probe8 [get_nets [list p_2_in ]]
set_property port_width 8 [get_debug_ports u_ila_1/probe0]
set_property PROBE_TYPE DATA_AND_TRIGGER [get_debug_ports u_ila_1/probe0]
connect_debug_port u_ila_1/probe0 [get_nets [list {eth_udp_send_inst/payload_dat_i[0]} {eth_udp_send_inst/payload_dat_i[1]} {eth_udp_send_inst/payload_dat_i[2]} {eth_udp_send_inst/payload_dat_i[3]} {eth_udp_send_inst/payload_dat_i[4]} {eth_udp_send_inst/payload_dat_i[5]} {eth_udp_send_inst/payload_dat_i[6]} {eth_udp_send_inst/payload_dat_i[7]} ]]
create_debug_port u_ila_1 probe
set_property port_width 14 [get_debug_ports u_ila_1/probe1]
set_property PROBE_TYPE DATA_AND_TRIGGER [get_debug_ports u_ila_1/probe1]
connect_debug_port u_ila_1/probe1 [get_nets [list {eth_udp_send_inst/rd_data_count[0]} {eth_udp_send_inst/rd_data_count[1]} {eth_udp_send_inst/rd_data_count[2]} {eth_udp_send_inst/rd_data_count[3]} {eth_udp_send_inst/rd_data_count[4]} {eth_udp_send_inst/rd_data_count[5]} {eth_udp_send_inst/rd_data_count[6]} {eth_udp_send_inst/rd_data_count[7]} {eth_udp_send_inst/rd_data_count[8]} {eth_udp_send_inst/rd_data_count[9]} {eth_udp_send_inst/rd_data_count[10]} {eth_udp_send_inst/rd_data_count[11]} {eth_udp_send_inst/rd_data_count[12]} {eth_udp_send_inst/rd_data_count[13]} ]]
create_debug_port u_ila_1 probe
set_property port_width 1 [get_debug_ports u_ila_1/probe2]
set_property PROBE_TYPE DATA_AND_TRIGGER [get_debug_ports u_ila_1/probe2]
connect_debug_port u_ila_1/probe2 [get_nets [list eth_udp_send_inst/payload_req_o ]]
create_debug_port u_ila_1 probe
set_property port_width 1 [get_debug_ports u_ila_1/probe3]
set_property PROBE_TYPE DATA_AND_TRIGGER [get_debug_ports u_ila_1/probe3]
connect_debug_port u_ila_1/probe3 [get_nets [list eth_udp_send_inst/sending_flag ]]
create_debug_port u_ila_1 probe
set_property port_width 1 [get_debug_ports u_ila_1/probe4]
set_property PROBE_TYPE DATA_AND_TRIGGER [get_debug_ports u_ila_1/probe4]
connect_debug_port u_ila_1/probe4 [get_nets [list eth_udp_send_inst/tx_done ]]
create_debug_port u_ila_1 probe
set_property port_width 1 [get_debug_ports u_ila_1/probe5]
set_property PROBE_TYPE DATA_AND_TRIGGER [get_debug_ports u_ila_1/probe5]
connect_debug_port u_ila_1/probe5 [get_nets [list eth_udp_send_inst/tx_en_pulse ]]
save_constraints
reset_run synth_1
launch_runs impl_1 -to_step write_bitstream -jobs 12
wait_on_run impl_1
refresh_design
set_property PROBES.FILE {D:/FPGA_Learning_Journey/Pro/OV5640_ETH_udp___/project/project.runs/impl_1/ov5640_eth_udp.ltx} [get_hw_devices xc7a35t_0]
set_property FULL_PROBES.FILE {D:/FPGA_Learning_Journey/Pro/OV5640_ETH_udp___/project/project.runs/impl_1/ov5640_eth_udp.ltx} [get_hw_devices xc7a35t_0]
set_property PROGRAM.FILE {D:/FPGA_Learning_Journey/Pro/OV5640_ETH_udp___/project/project.runs/impl_1/ov5640_eth_udp.bit} [get_hw_devices xc7a35t_0]
program_hw_devices [get_hw_devices xc7a35t_0]
refresh_hw_device [lindex [get_hw_devices xc7a35t_0] 0]
run_hw_ila [get_hw_ilas -of_objects [get_hw_devices xc7a35t_0] -filter {CELL_NAME=~"u_ila_0"}]
wait_on_hw_ila [get_hw_ilas -of_objects [get_hw_devices xc7a35t_0] -filter {CELL_NAME=~"u_ila_0"}]
display_hw_ila_data [upload_hw_ila_data [get_hw_ilas -of_objects [get_hw_devices xc7a35t_0] -filter {CELL_NAME=~"u_ila_0"}]]
set_property TRIGGER_COMPARE_VALUE eq1'bX [get_hw_probes ov5640_wr_en -of_objects [get_hw_ilas -of_objects [get_hw_devices xc7a35t_0] -filter {CELL_NAME=~"u_ila_0"}]]
set_property TRIGGER_COMPARE_VALUE eq16'u0 [get_hw_probes h_cnt -of_objects [get_hw_ilas -of_objects [get_hw_devices xc7a35t_0] -filter {CELL_NAME=~"u_ila_0"}]]
run_hw_ila [get_hw_ilas -of_objects [get_hw_devices xc7a35t_0] -filter {CELL_NAME=~"u_ila_0"}]
wait_on_hw_ila [get_hw_ilas -of_objects [get_hw_devices xc7a35t_0] -filter {CELL_NAME=~"u_ila_0"}]
display_hw_ila_data [upload_hw_ila_data [get_hw_ilas -of_objects [get_hw_devices xc7a35t_0] -filter {CELL_NAME=~"u_ila_0"}]]
set_property TRIGGER_COMPARE_VALUE eq1'bR [get_hw_probes ov5640_wr_en -of_objects [get_hw_ilas -of_objects [get_hw_devices xc7a35t_0] -filter {CELL_NAME=~"u_ila_0"}]]
run_hw_ila [get_hw_ilas -of_objects [get_hw_devices xc7a35t_0] -filter {CELL_NAME=~"u_ila_0"}]
wait_on_hw_ila -timeout 0 [get_hw_ilas -of_objects [get_hw_devices xc7a35t_0] -filter {CELL_NAME=~"u_ila_0"}]
upload_hw_ila_data [get_hw_ilas -of_objects [get_hw_devices xc7a35t_0] -filter {CELL_NAME=~"u_ila_0"}]
set_property TRIGGER_COMPARE_VALUE eq16'u1 [get_hw_probes h_cnt -of_objects [get_hw_ilas -of_objects [get_hw_devices xc7a35t_0] -filter {CELL_NAME=~"u_ila_0"}]]
run_hw_ila [get_hw_ilas -of_objects [get_hw_devices xc7a35t_0] -filter {CELL_NAME=~"u_ila_0"}]
wait_on_hw_ila [get_hw_ilas -of_objects [get_hw_devices xc7a35t_0] -filter {CELL_NAME=~"u_ila_0"}]
display_hw_ila_data [upload_hw_ila_data [get_hw_ilas -of_objects [get_hw_devices xc7a35t_0] -filter {CELL_NAME=~"u_ila_0"}]]
reset_run synth_1
launch_runs synth_1 -jobs 12
wait_on_run synth_1
connect_hw_server -allow_non_jtag
open_hw_target
current_hw_device [get_hw_devices xc7a35t_0]
refresh_hw_device -update_hw_probes false [lindex [get_hw_devices xc7a35t_0] 0]
close_design
open_run synth_1 -name synth_1
refresh_design
delete_debug_core [get_debug_cores {u_ila_0 }]
delete_debug_core [get_debug_cores {u_ila_1 }]
save_constraints
refresh_design
create_debug_core u_ila_0 ila
set_property C_DATA_DEPTH 4096 [get_debug_cores u_ila_0]
set_property C_TRIGIN_EN false [get_debug_cores u_ila_0]
set_property C_TRIGOUT_EN false [get_debug_cores u_ila_0]
set_property C_ADV_TRIGGER false [get_debug_cores u_ila_0]
set_property C_INPUT_PIPE_STAGES 0 [get_debug_cores u_ila_0]
set_property C_EN_STRG_QUAL false [get_debug_cores u_ila_0]
set_property ALL_PROBE_SAME_MU true [get_debug_cores u_ila_0]
set_property ALL_PROBE_SAME_MU_CNT 1 [get_debug_cores u_ila_0]
create_debug_core u_ila_1 ila
set_property C_DATA_DEPTH 4096 [get_debug_cores u_ila_1]
set_property C_TRIGIN_EN false [get_debug_cores u_ila_1]
set_property C_TRIGOUT_EN false [get_debug_cores u_ila_1]
set_property C_ADV_TRIGGER false [get_debug_cores u_ila_1]
set_property C_INPUT_PIPE_STAGES 0 [get_debug_cores u_ila_1]
set_property C_EN_STRG_QUAL false [get_debug_cores u_ila_1]
set_property ALL_PROBE_SAME_MU true [get_debug_cores u_ila_1]
set_property ALL_PROBE_SAME_MU_CNT 1 [get_debug_cores u_ila_1]
connect_debug_port u_ila_0/clk [get_nets [list ov5640_pclk_IBUF_BUFG ]]
connect_debug_port u_ila_1/clk [get_nets [list pll/inst/clk_out2 ]]
set_property port_width 16 [get_debug_ports u_ila_0/probe0]
set_property PROBE_TYPE DATA_AND_TRIGGER [get_debug_ports u_ila_0/probe0]
connect_debug_port u_ila_0/probe0 [get_nets [list {h_pix_cnt[0]} {h_pix_cnt[1]} {h_pix_cnt[2]} {h_pix_cnt[3]} {h_pix_cnt[4]} {h_pix_cnt[5]} {h_pix_cnt[6]} {h_pix_cnt[7]} {h_pix_cnt[8]} {h_pix_cnt[9]} {h_pix_cnt[10]} {h_pix_cnt[11]} {h_pix_cnt[12]} {h_pix_cnt[13]} {h_pix_cnt[14]} {h_pix_cnt[15]} ]]
create_debug_port u_ila_0 probe
set_property port_width 16 [get_debug_ports u_ila_0/probe1]
set_property PROBE_TYPE DATA_AND_TRIGGER [get_debug_ports u_ila_0/probe1]
connect_debug_port u_ila_0/probe1 [get_nets [list {h_cnt[0]} {h_cnt[1]} {h_cnt[2]} {h_cnt[3]} {h_cnt[4]} {h_cnt[5]} {h_cnt[6]} {h_cnt[7]} {h_cnt[8]} {h_cnt[9]} {h_cnt[10]} {h_cnt[11]} {h_cnt[12]} {h_cnt[13]} {h_cnt[14]} {h_cnt[15]} ]]
create_debug_port u_ila_0 probe
set_property port_width 16 [get_debug_ports u_ila_0/probe2]
set_property PROBE_TYPE DATA_AND_TRIGGER [get_debug_ports u_ila_0/probe2]
connect_debug_port u_ila_0/probe2 [get_nets [list {h_wr_data[0]} {h_wr_data[1]} {h_wr_data[2]} {h_wr_data[3]} {h_wr_data[4]} {h_wr_data[5]} {h_wr_data[6]} {h_wr_data[7]} {h_wr_data[8]} {h_wr_data[9]} {h_wr_data[10]} {h_wr_data[11]} {h_wr_data[12]} {h_wr_data[13]} {h_wr_data[14]} {h_wr_data[15]} ]]
create_debug_port u_ila_0 probe
set_property port_width 16 [get_debug_ports u_ila_0/probe3]
set_property PROBE_TYPE DATA_AND_TRIGGER [get_debug_ports u_ila_0/probe3]
connect_debug_port u_ila_0/probe3 [get_nets [list {ov5640_data_out[0]} {ov5640_data_out[1]} {ov5640_data_out[2]} {ov5640_data_out[3]} {ov5640_data_out[4]} {ov5640_data_out[5]} {ov5640_data_out[6]} {ov5640_data_out[7]} {ov5640_data_out[8]} {ov5640_data_out[9]} {ov5640_data_out[10]} {ov5640_data_out[11]} {ov5640_data_out[12]} {ov5640_data_out[13]} {ov5640_data_out[14]} {ov5640_data_out[15]} ]]
create_debug_port u_ila_0 probe
set_property port_width 1 [get_debug_ports u_ila_0/probe4]
set_property PROBE_TYPE DATA_AND_TRIGGER [get_debug_ports u_ila_0/probe4]
connect_debug_port u_ila_0/probe4 [get_nets [list h_wr_en ]]
create_debug_port u_ila_0 probe
set_property port_width 1 [get_debug_ports u_ila_0/probe5]
set_property PROBE_TYPE DATA_AND_TRIGGER [get_debug_ports u_ila_0/probe5]
connect_debug_port u_ila_0/probe5 [get_nets [list ov5640_href_reg ]]
create_debug_port u_ila_0 probe
set_property port_width 1 [get_debug_ports u_ila_0/probe6]
set_property PROBE_TYPE DATA_AND_TRIGGER [get_debug_ports u_ila_0/probe6]
connect_debug_port u_ila_0/probe6 [get_nets [list ov5640_href_rise ]]
create_debug_port u_ila_0 probe
set_property port_width 1 [get_debug_ports u_ila_0/probe7]
set_property PROBE_TYPE DATA_AND_TRIGGER [get_debug_ports u_ila_0/probe7]
connect_debug_port u_ila_0/probe7 [get_nets [list ov5640_wr_en ]]
create_debug_port u_ila_0 probe
set_property port_width 1 [get_debug_ports u_ila_0/probe8]
set_property PROBE_TYPE DATA_AND_TRIGGER [get_debug_ports u_ila_0/probe8]
connect_debug_port u_ila_0/probe8 [get_nets [list p_1_in ]]
create_debug_port u_ila_0 probe
set_property port_width 1 [get_debug_ports u_ila_0/probe9]
set_property PROBE_TYPE DATA_AND_TRIGGER [get_debug_ports u_ila_0/probe9]
connect_debug_port u_ila_0/probe9 [get_nets [list p_2_in ]]
set_property port_width 8 [get_debug_ports u_ila_1/probe0]
set_property PROBE_TYPE DATA_AND_TRIGGER [get_debug_ports u_ila_1/probe0]
connect_debug_port u_ila_1/probe0 [get_nets [list {eth_udp_send_inst/payload_dat_i[0]} {eth_udp_send_inst/payload_dat_i[1]} {eth_udp_send_inst/payload_dat_i[2]} {eth_udp_send_inst/payload_dat_i[3]} {eth_udp_send_inst/payload_dat_i[4]} {eth_udp_send_inst/payload_dat_i[5]} {eth_udp_send_inst/payload_dat_i[6]} {eth_udp_send_inst/payload_dat_i[7]} ]]
create_debug_port u_ila_1 probe
set_property port_width 14 [get_debug_ports u_ila_1/probe1]
set_property PROBE_TYPE DATA_AND_TRIGGER [get_debug_ports u_ila_1/probe1]
connect_debug_port u_ila_1/probe1 [get_nets [list {eth_udp_send_inst/rd_data_count[0]} {eth_udp_send_inst/rd_data_count[1]} {eth_udp_send_inst/rd_data_count[2]} {eth_udp_send_inst/rd_data_count[3]} {eth_udp_send_inst/rd_data_count[4]} {eth_udp_send_inst/rd_data_count[5]} {eth_udp_send_inst/rd_data_count[6]} {eth_udp_send_inst/rd_data_count[7]} {eth_udp_send_inst/rd_data_count[8]} {eth_udp_send_inst/rd_data_count[9]} {eth_udp_send_inst/rd_data_count[10]} {eth_udp_send_inst/rd_data_count[11]} {eth_udp_send_inst/rd_data_count[12]} {eth_udp_send_inst/rd_data_count[13]} ]]
create_debug_port u_ila_1 probe
set_property port_width 1 [get_debug_ports u_ila_1/probe2]
set_property PROBE_TYPE DATA_AND_TRIGGER [get_debug_ports u_ila_1/probe2]
connect_debug_port u_ila_1/probe2 [get_nets [list eth_udp_send_inst/payload_req_o ]]
create_debug_port u_ila_1 probe
set_property port_width 1 [get_debug_ports u_ila_1/probe3]
set_property PROBE_TYPE DATA_AND_TRIGGER [get_debug_ports u_ila_1/probe3]
connect_debug_port u_ila_1/probe3 [get_nets [list eth_udp_send_inst/sending_flag ]]
create_debug_port u_ila_1 probe
set_property port_width 1 [get_debug_ports u_ila_1/probe4]
set_property PROBE_TYPE DATA_AND_TRIGGER [get_debug_ports u_ila_1/probe4]
connect_debug_port u_ila_1/probe4 [get_nets [list eth_udp_send_inst/tx_done ]]
create_debug_port u_ila_1 probe
set_property port_width 1 [get_debug_ports u_ila_1/probe5]
set_property PROBE_TYPE DATA_AND_TRIGGER [get_debug_ports u_ila_1/probe5]
connect_debug_port u_ila_1/probe5 [get_nets [list eth_udp_send_inst/tx_en_pulse ]]
save_constraints
reset_run synth_1
launch_runs impl_1 -to_step write_bitstream -jobs 12
wait_on_run impl_1
set_property PROBES.FILE {D:/FPGA_Learning_Journey/Pro/OV5640_ETH_udp___/project/project.runs/impl_1/ov5640_eth_udp.ltx} [get_hw_devices xc7a35t_0]
set_property FULL_PROBES.FILE {D:/FPGA_Learning_Journey/Pro/OV5640_ETH_udp___/project/project.runs/impl_1/ov5640_eth_udp.ltx} [get_hw_devices xc7a35t_0]
set_property PROGRAM.FILE {D:/FPGA_Learning_Journey/Pro/OV5640_ETH_udp___/project/project.runs/impl_1/ov5640_eth_udp.bit} [get_hw_devices xc7a35t_0]
program_hw_devices [get_hw_devices xc7a35t_0]
refresh_hw_device [lindex [get_hw_devices xc7a35t_0] 0]
display_hw_ila_data [ get_hw_ila_data hw_ila_data_1 -of_objects [get_hw_ilas -of_objects [get_hw_devices xc7a35t_0] -filter {CELL_NAME=~"u_ila_0"}]]
display_hw_ila_data [ get_hw_ila_data hw_ila_data_2 -of_objects [get_hw_ilas -of_objects [get_hw_devices xc7a35t_0] -filter {CELL_NAME=~"u_ila_1"}]]
run_hw_ila [get_hw_ilas -of_objects [get_hw_devices xc7a35t_0] -filter {CELL_NAME=~"u_ila_0"}]\
   [get_hw_ilas -of_objects [get_hw_devices xc7a35t_0] -filter {CELL_NAME=~"u_ila_1"}]
wait_on_hw_ila [get_hw_ilas -of_objects [get_hw_devices xc7a35t_0] -filter {CELL_NAME=~"u_ila_0"}]\
  [get_hw_ilas -of_objects [get_hw_devices xc7a35t_0] -filter {CELL_NAME=~"u_ila_1"}]
display_hw_ila_data [upload_hw_ila_data [get_hw_ilas -of_objects [get_hw_devices xc7a35t_0] -filter {CELL_NAME=~"u_ila_0"}]]
display_hw_ila_data [upload_hw_ila_data [get_hw_ilas -of_objects [get_hw_devices xc7a35t_0] -filter {CELL_NAME=~"u_ila_1"}]]
add_wave -into {hw_ila_data_1.wcfg} -radix hex { {h_wr_data} {h_wr_en} {ov5640_href_reg} {ov5640_href_rise} {ov5640_wr_en} {p_1_in} {p_2_in} }
add_wave -into {hw_ila_data_1.wcfg} -radix unsigned { {h_cnt} {h_pix_cnt} {ov5640_data_out} }
run_hw_ila [get_hw_ilas -of_objects [get_hw_devices xc7a35t_0] -filter {CELL_NAME=~"u_ila_0"}]
wait_on_hw_ila [get_hw_ilas -of_objects [get_hw_devices xc7a35t_0] -filter {CELL_NAME=~"u_ila_0"}]
display_hw_ila_data [upload_hw_ila_data [get_hw_ilas -of_objects [get_hw_devices xc7a35t_0] -filter {CELL_NAME=~"u_ila_0"}]]
set_property TRIGGER_COMPARE_VALUE eq16'u640 [get_hw_probes h_cnt -of_objects [get_hw_ilas -of_objects [get_hw_devices xc7a35t_0] -filter {CELL_NAME=~"u_ila_0"}]]
run_hw_ila [get_hw_ilas -of_objects [get_hw_devices xc7a35t_0] -filter {CELL_NAME=~"u_ila_0"}]
wait_on_hw_ila -timeout 0 [get_hw_ilas -of_objects [get_hw_devices xc7a35t_0] -filter {CELL_NAME=~"u_ila_0"}]
upload_hw_ila_data [get_hw_ilas -of_objects [get_hw_devices xc7a35t_0] -filter {CELL_NAME=~"u_ila_0"}]
set_property TRIGGER_COMPARE_VALUE eq16'u639 [get_hw_probes h_cnt -of_objects [get_hw_ilas -of_objects [get_hw_devices xc7a35t_0] -filter {CELL_NAME=~"u_ila_0"}]]
run_hw_ila [get_hw_ilas -of_objects [get_hw_devices xc7a35t_0] -filter {CELL_NAME=~"u_ila_0"}]
wait_on_hw_ila -timeout 0 [get_hw_ilas -of_objects [get_hw_devices xc7a35t_0] -filter {CELL_NAME=~"u_ila_0"}]
upload_hw_ila_data [get_hw_ilas -of_objects [get_hw_devices xc7a35t_0] -filter {CELL_NAME=~"u_ila_0"}]
set_property TRIGGER_COMPARE_VALUE eq16'u480 [get_hw_probes h_cnt -of_objects [get_hw_ilas -of_objects [get_hw_devices xc7a35t_0] -filter {CELL_NAME=~"u_ila_0"}]]
run_hw_ila [get_hw_ilas -of_objects [get_hw_devices xc7a35t_0] -filter {CELL_NAME=~"u_ila_0"}]
wait_on_hw_ila [get_hw_ilas -of_objects [get_hw_devices xc7a35t_0] -filter {CELL_NAME=~"u_ila_0"}]
display_hw_ila_data [upload_hw_ila_data [get_hw_ilas -of_objects [get_hw_devices xc7a35t_0] -filter {CELL_NAME=~"u_ila_0"}]]
